******************************************************************************
             TMS320C2000 Linker PC v15.12.3                    
******************************************************************************
>> Linked Fri Sep 01 15:55:19 2017

OUTPUT FILE NAME:   <VIM_CPU1.out>
ENTRY POINT SYMBOL: "_c_int00"  address: 00083530


MEMORY CONFIGURATION

         name            origin    length      used     unused   attr    fill
----------------------  --------  ---------  --------  --------  ----  --------
PAGE 0:
  RAMM0                 00000122   000002de  00000000  000002de  RWIX
  RAMLS0                00008000   00000800  00000798  00000068  RWIX
  RAMLS1                00008800   00000800  00000000  00000800  RWIX
  RAMLS2                00009000   00000800  00000000  00000800  RWIX
  RAMLS3                00009800   00000800  00000000  00000800  RWIX
  RAMLS4                0000a000   00000800  00000000  00000800  RWIX
  RAMD0                 0000b000   00000800  00000000  00000800  RWIX
  RAMGS14               0001a000   00001000  00000000  00001000  RWIX
  RAMGS15               0001b000   00001000  00000000  00001000  RWIX
  BEGIN                 00080000   00000002  00000002  00000000  RWIX
  FLASHA                00080002   00001ffe  00000000  00001ffe  RWIX
  FLASHB                00082000   00002000  000017d3  0000082d  RWIX
  FLASHC                00084000   00002000  00000000  00002000  RWIX
  FLASHD                00086000   00002000  00000798  00001868  RWIX
  FLASHE                00088000   00008000  00000000  00008000  RWIX
  FLASHF                00090000   00008000  000001d2  00007e2e  RWIX
  FLASHG                00098000   00008000  00000000  00008000  RWIX
  FLASHH                000a0000   00008000  00000000  00008000  RWIX
  FLASHI                000a8000   00008000  00000000  00008000  RWIX
  FLASHJ                000b0000   00008000  00000000  00008000  RWIX
  FLASHK                000b8000   00002000  00000000  00002000  RWIX
  FLASHL                000ba000   00002000  00000000  00002000  RWIX
  FLASHM                000bc000   00002000  00000000  00002000  RWIX
  FLASHN                000be000   00002000  00000000  00002000  RWIX
  RESET                 003fffc0   00000002  00000000  00000002  RWIX

PAGE 1:
  BOOT_RSVD             00000002   00000120  00000000  00000120  RWIX
  RAMM1                 00000400   00000400  00000100  00000300  RWIX
  ADCA_RESULT           00000b00   00000020  00000018  00000008  RWIX
  ADCB_RESULT           00000b20   00000020  00000018  00000008  RWIX
  ADCC_RESULT           00000b40   00000020  00000018  00000008  RWIX
  ADCD_RESULT           00000b60   00000020  00000018  00000008  RWIX
  CPU_TIMER0            00000c00   00000008  00000008  00000000  RWIX
  CPU_TIMER1            00000c08   00000008  00000008  00000000  RWIX
  CPU_TIMER2            00000c10   00000008  00000008  00000000  RWIX
  PIE_CTRL              00000ce0   00000020  0000001a  00000006  RWIX
  PIE_VECT              00000d00   00000200  000001c0  00000040  RWIX
  DMA                   00001000   00000200  000000e0  00000120  RWIX
  CLA1                  00001400   00000040  0000003e  00000002  RWIX
  EPWM1                 00004000   00000100  00000100  00000000  RWIX
  EPWM2                 00004100   00000100  00000100  00000000  RWIX
  EPWM3                 00004200   00000100  00000100  00000000  RWIX
  EPWM4                 00004300   00000100  00000100  00000000  RWIX
  EPWM5                 00004400   00000100  00000100  00000000  RWIX
  EPWM6                 00004500   00000100  00000100  00000000  RWIX
  EPWM7                 00004600   00000100  00000100  00000000  RWIX
  EPWM8                 00004700   00000100  00000100  00000000  RWIX
  EPWM9                 00004800   00000100  00000100  00000000  RWIX
  EPWM10                00004900   00000100  00000100  00000000  RWIX
  EPWM11                00004a00   00000100  00000100  00000000  RWIX
  EPWM12                00004b00   00000100  00000100  00000000  RWIX
  ECAP1                 00005000   00000020  00000020  00000000  RWIX
  ECAP2                 00005020   00000020  00000020  00000000  RWIX
  ECAP3                 00005040   00000020  00000020  00000000  RWIX
  ECAP4                 00005060   00000020  00000020  00000000  RWIX
  ECAP5                 00005080   00000020  00000020  00000000  RWIX
  ECAP6                 000050a0   00000020  00000020  00000000  RWIX
  EQEP1                 00005100   00000040  00000022  0000001e  RWIX
  EQEP2                 00005140   00000040  00000022  0000001e  RWIX
  EQEP3                 00005180   00000040  00000022  0000001e  RWIX
  DACA                  00005c00   00000010  00000008  00000008  RWIX
  DACB                  00005c10   00000010  00000008  00000008  RWIX
  DACC                  00005c20   00000010  00000008  00000008  RWIX
  CMPSS1                00005c80   00000020  00000020  00000000  RWIX
  CMPSS2                00005ca0   00000020  00000020  00000000  RWIX
  CMPSS3                00005cc0   00000020  00000020  00000000  RWIX
  CMPSS4                00005ce0   00000020  00000020  00000000  RWIX
  CMPSS5                00005d00   00000020  00000020  00000000  RWIX
  CMPSS6                00005d20   00000020  00000020  00000000  RWIX
  CMPSS7                00005d40   00000020  00000020  00000000  RWIX
  CMPSS8                00005d60   00000020  00000020  00000000  RWIX
  SDFM1                 00005e00   00000080  00000080  00000000  RWIX
  SDFM2                 00005e80   00000080  00000080  00000000  RWIX
  MCBSPA                00006000   00000040  00000024  0000001c  RWIX
  MCBSPB                00006040   00000040  00000024  0000001c  RWIX
  SPIA                  00006100   00000010  00000010  00000000  RWIX
  SPIB                  00006110   00000010  00000010  00000000  RWIX
  SPIC                  00006120   00000010  00000010  00000000  RWIX
  SPID                  00006130   00000010  00000000  00000010  RWIX
  UPP                   00006200   00000100  00000048  000000b8  RWIX
  WD                    00007000   00000040  0000002b  00000015  RWIX
  NMIINTRUPT            00007060   00000010  00000007  00000009  RWIX
  XINT                  00007070   00000010  0000000b  00000005  RWIX
  SCIA                  00007200   00000010  00000010  00000000  RWIX
  SCIB                  00007210   00000010  00000010  00000000  RWIX
  SCIC                  00007220   00000010  00000010  00000000  RWIX
  SCID                  00007230   00000010  00000010  00000000  RWIX
  I2CA                  00007300   00000040  00000022  0000001e  RWIX
  I2CB                  00007340   00000040  00000022  0000001e  RWIX
  ADCA                  00007400   00000080  00000080  00000000  RWIX
  ADCB                  00007480   00000080  00000080  00000000  RWIX
  ADCC                  00007500   00000080  00000080  00000000  RWIX
  ADCD                  00007580   00000080  00000080  00000000  RWIX
  INPUT_XBAR            00007900   00000020  00000020  00000000  RWIX
  XBAR                  00007920   00000020  00000020  00000000  RWIX
  SYNC_SOC              00007940   00000010  00000006  0000000a  RWIX
  DMACLASRCSEL          00007980   00000040  0000001a  00000026  RWIX
  EPWM_XBAR             00007a00   00000040  00000040  00000000  RWIX
  CLB_XBAR              00007a40   00000040  00000000  00000040  RWIX
  OUTPUT_XBAR           00007a80   00000040  00000040  00000000  RWIX
  GPIOCTRL              00007c00   00000180  00000180  00000000  RWIX
  GPIODAT               00007f00   00000030  00000030  00000000  RWIX
  RAMLS5                0000a800   00000800  000000e6  0000071a  RWIX
  RAMD1                 0000b800   00000800  00000000  00000800  RWIX
  RAMGS0                0000c000   00001000  00000100  00000f00  RWIX
  RAMGS1                0000d000   00001000  00000100  00000f00  RWIX
  RAMGS2                0000e000   00001000  00000000  00001000  RWIX
  RAMGS3                0000f000   00001000  00000000  00001000  RWIX
  RAMGS4                00010000   00001000  00000000  00001000  RWIX
  RAMGS5                00011000   00001000  00000000  00001000  RWIX
  RAMGS6                00012000   00001000  00000000  00001000  RWIX
  RAMGS7                00013000   00001000  00000000  00001000  RWIX
  RAMGS8                00014000   00001000  00000000  00001000  RWIX
  RAMGS9                00015000   00001000  00000000  00001000  RWIX
  RAMGS10               00016000   00001000  00000000  00001000  RWIX
  RAMGS11               00017000   00001000  00000000  00001000  RWIX
  RAMGS12               00018000   00001000  00000000  00001000  RWIX
  RAMGS13               00019000   00001000  00000000  00001000  RWIX
  CPU2TOCPU1RAM         0003f800   00000400  00000000  00000400  RWIX
  CPU1TOCPU2RAM         0003fc00   00000400  00000000  00000400  RWIX
  EMIF1                 00047000   00000800  00000070  00000790  RWIX
  EMIF2                 00047800   00000800  00000070  00000790  RWIX
  IPC                   00050000   00000024  00000024  00000000  RWIX
  FLASHPUMPSEMAPHORE    00050024   00000002  00000002  00000000  RWIX
  DEV_CFG               0005d000   00000180  0000012e  00000052  RWIX
  ANALOG_SUBSYS         0005d180   00000080  00000048  00000038  RWIX
  CLK_CFG               0005d200   00000100  00000032  000000ce  RWIX
  CPU_SYS               0005d300   00000100  00000082  0000007e  RWIX
  ROMPREFETCH           0005e608   00000002  00000002  00000000  RWIX
  DCSM_Z1               0005f000   00000030  00000024  0000000c  RWIX
  DCSM_Z2               0005f040   00000030  00000024  0000000c  RWIX
  DCSM_COMMON           0005f070   00000010  00000008  00000008  RWIX
  MEMCFG                0005f400   00000080  00000080  00000000  RWIX
  EMIF1CONFIG           0005f480   00000020  00000020  00000000  RWIX
  EMIF2CONFIG           0005f4a0   00000020  00000020  00000000  RWIX
  ACCESSPROTECTION      0005f4c0   00000040  00000040  00000000  RWIX
  MEMORYERROR           0005f500   00000040  00000040  00000000  RWIX
  ROMWAITSTATE          0005f540   00000002  00000002  00000000  RWIX
  FLASH0_CTRL           0005f800   00000300  00000182  0000017e  RWIX
  FLASH0_ECC            0005fb00   00000040  00000028  00000018  RWIX
  DCSM_Z1_OTP           00078000   00000020  00000020  00000000  RWIX
  DCSM_Z2_OTP           00078200   00000020  00000020  00000000  RWIX


SECTION ALLOCATION MAP

 output                                  attributes/
section   page    origin      length       input sections
--------  ----  ----------  ----------   ----------------
codestart 
*          0    00080000    00000002     
                  00080000    00000002     F2837xD_CodeStartBranch.obj (codestart)

.cinit     0    00082000    0000007b     
                  00082000    0000002a     Meas.obj (.cinit)
                  0008202a    0000001c     Control.obj (.cinit)
                  00082046    00000010     IPC.obj (.cinit)
                  00082056    0000000e     rts2800_fpu32.lib : exit.obj (.cinit)
                  00082064    0000000b     DAC.obj (.cinit)
                  0008206f    00000005     rts2800_fpu32.lib : _lock.obj (.cinit:__lock)
                  00082074    00000005                       : _lock.obj (.cinit:__unlock)
                  00082079    00000002     --HOLE-- [fill = 0]

.pinit     0    00082000    00000000     UNINITIALIZED

ramfuncs   0    00086000    00000798     RUN ADDR = 00008000
                  00086000    0000036c     Meas.obj (ramfuncs)
                  0008636c    000002b6     Control.obj (ramfuncs)
                  00086622    0000012a     main_CPU1.obj (ramfuncs:retain)
                  0008674c    00000048     F2837xD_SysCtrl.obj (ramfuncs)
                  00086794    00000004     F2837xD_usDelay.obj (ramfuncs)

.stack     1    00000400    00000100     UNINITIALIZED
                  00000400    00000100     --HOLE--

.reset     0    003fffc0    00000002     DSECT
                  003fffc0    00000002     rts2800_fpu32.lib : boot.obj (.reset)

SHARERAMGS0 
*          1    0000c000    00000100     UNINITIALIZED
                  0000c000    00000100     main_CPU1.obj (SHARERAMGS0)

SHARERAMGS1 
*          1    0000d000    00000100     UNINITIALIZED
                  0000d000    00000100     main_CPU1.obj (SHARERAMGS1)

GETBUFFER 
*          0    0003f800    00000000     DSECT

GETWRITEIDX 
*          0    0003f800    00000000     DSECT

PUTREADIDX 
*          0    0003f800    00000000     DSECT

.text      0    0008207c    00001758     
                  0008207c    00000585     F2837xD_DefaultISR.obj (.text:retain)
                  00082601    00000318     F2837xD_SysCtrl.obj (.text)
                  00082919    00000284     Epwm.obj (.text)
                  00082b9d    0000023e     F2837xD_Gpio.obj (.text)
                  00082ddb    00000164     Adc.obj (.text)
                  00082f3f    00000149     F2837xD_EPwm.obj (.text)
                  00083088    00000147     F2837xD_Ipc_Driver_Util.obj (.text)
                  000831cf    000000d4     F2837xD_Adc.obj (.text)
                  000832a3    00000091     DAC.obj (.text)
                  00083334    00000088     rts2800_fpu32.lib : fs_div.obj (.text)
                  000833bc    00000061                       : s_cosf.obj (.text)
                  0008341d    0000005e     F2837xD_CpuTimers.obj (.text)
                  0008347b    0000005d     main_CPU1.obj (.text)
                  000834d8    00000058     rts2800_fpu32.lib : s_sinf.obj (.text)
                  00083530    00000056                       : boot.obj (.text)
                  00083586    00000050     GPIO.obj (.text)
                  000835d6    00000046     rts2800_fpu32.lib : cpy_tbl.obj (.text)
                  0008361c    00000045     IPC.obj (.text)
                  00083661    00000038     main_CPU1.obj (.text:retain)
                  00083699    0000002c     ISR.obj (.text)
                  000836c5    00000029     rts2800_fpu32.lib : exit.obj (.text)
                  000836ee    00000028     F2837xD_PieCtrl.obj (.text)
                  00083716    0000001e     rts2800_fpu32.lib : memcpy.obj (.text)
                  00083734    0000001c     Peripheral.obj (.text)
                  00083750    0000001a     rts2800_fpu32.lib : cpy_utils.obj (.text)
                  0008376a    00000019                       : args_main.obj (.text)
                  00083783    00000018                       : ll_aox.obj (.text)
                  0008379b    00000011     F2837xD_PieVect.obj (.text)
                  000837ac    0000000f     Timer.obj (.text)
                  000837bb    00000009     rts2800_fpu32.lib : _lock.obj (.text)
                  000837c4    00000008     F2837xD_CodeStartBranch.obj (.text)
                  000837cc    00000005     Comm.obj (.text)
                  000837d1    00000002     rts2800_fpu32.lib : pre_init.obj (.text)
                  000837d3    00000001                       : startup.obj (.text)

.econst    0    00090000    000001d2     
                  00090000    000001c0     F2837xD_PieVect.obj (.econst:_PieVectTableInit)
                  000901c0    00000005     main_CPU1.obj (.econst:_task_period)
                  000901c5    00000001     --HOLE-- [fill = 0]
                  000901c6    00000004     Control.obj (.econst:_$P$T1$6)
                  000901ca    00000004     Control.obj (.econst:_$P$T3$8)
                  000901ce    00000004     Control.obj (.econst:_$P$T4$9)

AdcaResultFile 
*          1    00000b00    00000018     UNINITIALIZED
                  00000b00    00000018     F2837xD_GlobalVariableDefs.obj (AdcaResultFile)

AdcbResultFile 
*          1    00000b20    00000018     UNINITIALIZED
                  00000b20    00000018     F2837xD_GlobalVariableDefs.obj (AdcbResultFile)

AdccResultFile 
*          1    00000b40    00000018     UNINITIALIZED
                  00000b40    00000018     F2837xD_GlobalVariableDefs.obj (AdccResultFile)

AdcdResultFile 
*          1    00000b60    00000018     UNINITIALIZED
                  00000b60    00000018     F2837xD_GlobalVariableDefs.obj (AdcdResultFile)

CpuTimer0RegsFile 
*          1    00000c00    00000008     UNINITIALIZED
                  00000c00    00000008     F2837xD_GlobalVariableDefs.obj (CpuTimer0RegsFile)

CpuTimer1RegsFile 
*          1    00000c08    00000008     UNINITIALIZED
                  00000c08    00000008     F2837xD_GlobalVariableDefs.obj (CpuTimer1RegsFile)

CpuTimer2RegsFile 
*          1    00000c10    00000008     UNINITIALIZED
                  00000c10    00000008     F2837xD_GlobalVariableDefs.obj (CpuTimer2RegsFile)

PieCtrlRegsFile 
*          1    00000ce0    0000001a     UNINITIALIZED
                  00000ce0    0000001a     F2837xD_GlobalVariableDefs.obj (PieCtrlRegsFile)

PieVectTableFile 
*          1    00000d00    000001c0     UNINITIALIZED
                  00000d00    000001c0     F2837xD_GlobalVariableDefs.obj (PieVectTableFile)

EmuKeyVar 
*          1    00000d00    00000001     UNINITIALIZED
                  00000d00    00000001     F2837xD_GlobalVariableDefs.obj (EmuKeyVar)

EmuBModeVar 
*          1    00000d01    00000001     UNINITIALIZED
                  00000d01    00000001     F2837xD_GlobalVariableDefs.obj (EmuBModeVar)

FlashCallbackVar 
*          1    00000d02    00000000     UNINITIALIZED

FlashScalingVar 
*          1    00000d02    00000000     UNINITIALIZED

DmaRegsFile 
*          1    00001000    000000e0     UNINITIALIZED
                  00001000    000000e0     F2837xD_GlobalVariableDefs.obj (DmaRegsFile)

Cla1RegsFile 
*          1    00001400    0000003e     UNINITIALIZED
                  00001400    0000003e     F2837xD_GlobalVariableDefs.obj (Cla1RegsFile)

EPwm1RegsFile 
*          1    00004000    00000100     UNINITIALIZED
                  00004000    00000100     F2837xD_GlobalVariableDefs.obj (EPwm1RegsFile)

EPwm2RegsFile 
*          1    00004100    00000100     UNINITIALIZED
                  00004100    00000100     F2837xD_GlobalVariableDefs.obj (EPwm2RegsFile)

EPwm3RegsFile 
*          1    00004200    00000100     UNINITIALIZED
                  00004200    00000100     F2837xD_GlobalVariableDefs.obj (EPwm3RegsFile)

EPwm4RegsFile 
*          1    00004300    00000100     UNINITIALIZED
                  00004300    00000100     F2837xD_GlobalVariableDefs.obj (EPwm4RegsFile)

EPwm5RegsFile 
*          1    00004400    00000100     UNINITIALIZED
                  00004400    00000100     F2837xD_GlobalVariableDefs.obj (EPwm5RegsFile)

EPwm6RegsFile 
*          1    00004500    00000100     UNINITIALIZED
                  00004500    00000100     F2837xD_GlobalVariableDefs.obj (EPwm6RegsFile)

EPwm7RegsFile 
*          1    00004600    00000100     UNINITIALIZED
                  00004600    00000100     F2837xD_GlobalVariableDefs.obj (EPwm7RegsFile)

EPwm8RegsFile 
*          1    00004700    00000100     UNINITIALIZED
                  00004700    00000100     F2837xD_GlobalVariableDefs.obj (EPwm8RegsFile)

EPwm9RegsFile 
*          1    00004800    00000100     UNINITIALIZED
                  00004800    00000100     F2837xD_GlobalVariableDefs.obj (EPwm9RegsFile)

EPwm10RegsFile 
*          1    00004900    00000100     UNINITIALIZED
                  00004900    00000100     F2837xD_GlobalVariableDefs.obj (EPwm10RegsFile)

EPwm11RegsFile 
*          1    00004a00    00000100     UNINITIALIZED
                  00004a00    00000100     F2837xD_GlobalVariableDefs.obj (EPwm11RegsFile)

EPwm12RegsFile 
*          1    00004b00    00000100     UNINITIALIZED
                  00004b00    00000100     F2837xD_GlobalVariableDefs.obj (EPwm12RegsFile)

ECap1RegsFile 
*          1    00005000    00000020     UNINITIALIZED
                  00005000    00000020     F2837xD_GlobalVariableDefs.obj (ECap1RegsFile)

ECap2RegsFile 
*          1    00005020    00000020     UNINITIALIZED
                  00005020    00000020     F2837xD_GlobalVariableDefs.obj (ECap2RegsFile)

ECap3RegsFile 
*          1    00005040    00000020     UNINITIALIZED
                  00005040    00000020     F2837xD_GlobalVariableDefs.obj (ECap3RegsFile)

ECap4RegsFile 
*          1    00005060    00000020     UNINITIALIZED
                  00005060    00000020     F2837xD_GlobalVariableDefs.obj (ECap4RegsFile)

ECap5RegsFile 
*          1    00005080    00000020     UNINITIALIZED
                  00005080    00000020     F2837xD_GlobalVariableDefs.obj (ECap5RegsFile)

ECap6RegsFile 
*          1    000050a0    00000020     UNINITIALIZED
                  000050a0    00000020     F2837xD_GlobalVariableDefs.obj (ECap6RegsFile)

EQep1RegsFile 
*          1    00005100    00000022     UNINITIALIZED
                  00005100    00000022     F2837xD_GlobalVariableDefs.obj (EQep1RegsFile)

EQep2RegsFile 
*          1    00005140    00000022     UNINITIALIZED
                  00005140    00000022     F2837xD_GlobalVariableDefs.obj (EQep2RegsFile)

EQep3RegsFile 
*          1    00005180    00000022     UNINITIALIZED
                  00005180    00000022     F2837xD_GlobalVariableDefs.obj (EQep3RegsFile)

DacaRegsFile 
*          1    00005c00    00000008     UNINITIALIZED
                  00005c00    00000008     F2837xD_GlobalVariableDefs.obj (DacaRegsFile)

DacbRegsFile 
*          1    00005c10    00000008     UNINITIALIZED
                  00005c10    00000008     F2837xD_GlobalVariableDefs.obj (DacbRegsFile)

DaccRegsFile 
*          1    00005c20    00000008     UNINITIALIZED
                  00005c20    00000008     F2837xD_GlobalVariableDefs.obj (DaccRegsFile)

Cmpss1RegsFile 
*          1    00005c80    00000020     UNINITIALIZED
                  00005c80    00000020     F2837xD_GlobalVariableDefs.obj (Cmpss1RegsFile)

Cmpss2RegsFile 
*          1    00005ca0    00000020     UNINITIALIZED
                  00005ca0    00000020     F2837xD_GlobalVariableDefs.obj (Cmpss2RegsFile)

Cmpss3RegsFile 
*          1    00005cc0    00000020     UNINITIALIZED
                  00005cc0    00000020     F2837xD_GlobalVariableDefs.obj (Cmpss3RegsFile)

Cmpss4RegsFile 
*          1    00005ce0    00000020     UNINITIALIZED
                  00005ce0    00000020     F2837xD_GlobalVariableDefs.obj (Cmpss4RegsFile)

Cmpss5RegsFile 
*          1    00005d00    00000020     UNINITIALIZED
                  00005d00    00000020     F2837xD_GlobalVariableDefs.obj (Cmpss5RegsFile)

Cmpss6RegsFile 
*          1    00005d20    00000020     UNINITIALIZED
                  00005d20    00000020     F2837xD_GlobalVariableDefs.obj (Cmpss6RegsFile)

Cmpss7RegsFile 
*          1    00005d40    00000020     UNINITIALIZED
                  00005d40    00000020     F2837xD_GlobalVariableDefs.obj (Cmpss7RegsFile)

Cmpss8RegsFile 
*          1    00005d60    00000020     UNINITIALIZED
                  00005d60    00000020     F2837xD_GlobalVariableDefs.obj (Cmpss8RegsFile)

Sdfm1RegsFile 
*          1    00005e00    00000080     UNINITIALIZED
                  00005e00    00000080     F2837xD_GlobalVariableDefs.obj (Sdfm1RegsFile)

Sdfm2RegsFile 
*          1    00005e80    00000080     UNINITIALIZED
                  00005e80    00000080     F2837xD_GlobalVariableDefs.obj (Sdfm2RegsFile)

McbspaRegsFile 
*          1    00006000    00000024     UNINITIALIZED
                  00006000    00000024     F2837xD_GlobalVariableDefs.obj (McbspaRegsFile)

McbspbRegsFile 
*          1    00006040    00000024     UNINITIALIZED
                  00006040    00000024     F2837xD_GlobalVariableDefs.obj (McbspbRegsFile)

SpiaRegsFile 
*          1    00006100    00000010     UNINITIALIZED
                  00006100    00000010     F2837xD_GlobalVariableDefs.obj (SpiaRegsFile)

SpibRegsFile 
*          1    00006110    00000010     UNINITIALIZED
                  00006110    00000010     F2837xD_GlobalVariableDefs.obj (SpibRegsFile)

SpicRegsFile 
*          1    00006120    00000010     UNINITIALIZED
                  00006120    00000010     F2837xD_GlobalVariableDefs.obj (SpicRegsFile)

UppRegsFile 
*          1    00006200    00000048     UNINITIALIZED
                  00006200    00000048     F2837xD_GlobalVariableDefs.obj (UppRegsFile)

WdRegsFile 
*          1    00007000    0000002b     UNINITIALIZED
                  00007000    0000002b     F2837xD_GlobalVariableDefs.obj (WdRegsFile)

NmiIntruptRegsFile 
*          1    00007060    00000007     UNINITIALIZED
                  00007060    00000007     F2837xD_GlobalVariableDefs.obj (NmiIntruptRegsFile)

XintRegsFile 
*          1    00007070    0000000b     UNINITIALIZED
                  00007070    0000000b     F2837xD_GlobalVariableDefs.obj (XintRegsFile)

SciaRegsFile 
*          1    00007200    00000010     UNINITIALIZED
                  00007200    00000010     F2837xD_GlobalVariableDefs.obj (SciaRegsFile)

ScibRegsFile 
*          1    00007210    00000010     UNINITIALIZED
                  00007210    00000010     F2837xD_GlobalVariableDefs.obj (ScibRegsFile)

ScicRegsFile 
*          1    00007220    00000010     UNINITIALIZED
                  00007220    00000010     F2837xD_GlobalVariableDefs.obj (ScicRegsFile)

ScidRegsFile 
*          1    00007230    00000010     UNINITIALIZED
                  00007230    00000010     F2837xD_GlobalVariableDefs.obj (ScidRegsFile)

I2caRegsFile 
*          1    00007300    00000022     UNINITIALIZED
                  00007300    00000022     F2837xD_GlobalVariableDefs.obj (I2caRegsFile)

I2cbRegsFile 
*          1    00007340    00000022     UNINITIALIZED
                  00007340    00000022     F2837xD_GlobalVariableDefs.obj (I2cbRegsFile)

AdcaRegsFile 
*          1    00007400    00000080     UNINITIALIZED
                  00007400    00000080     F2837xD_GlobalVariableDefs.obj (AdcaRegsFile)

AdcbRegsFile 
*          1    00007480    00000080     UNINITIALIZED
                  00007480    00000080     F2837xD_GlobalVariableDefs.obj (AdcbRegsFile)

AdccRegsFile 
*          1    00007500    00000080     UNINITIALIZED
                  00007500    00000080     F2837xD_GlobalVariableDefs.obj (AdccRegsFile)

AdcdRegsFile 
*          1    00007580    00000080     UNINITIALIZED
                  00007580    00000080     F2837xD_GlobalVariableDefs.obj (AdcdRegsFile)

InputXbarRegsFile 
*          1    00007900    00000020     UNINITIALIZED
                  00007900    00000020     F2837xD_GlobalVariableDefs.obj (InputXbarRegsFile)

XbarRegsFile 
*          1    00007920    00000020     UNINITIALIZED
                  00007920    00000020     F2837xD_GlobalVariableDefs.obj (XbarRegsFile)

SyncSocRegsFile 
*          1    00007940    00000006     UNINITIALIZED
                  00007940    00000006     F2837xD_GlobalVariableDefs.obj (SyncSocRegsFile)

DmaClaSrcSelRegsFile 
*          1    00007980    0000001a     UNINITIALIZED
                  00007980    0000001a     F2837xD_GlobalVariableDefs.obj (DmaClaSrcSelRegsFile)

EPwmXbarRegsFile 
*          1    00007a00    00000040     UNINITIALIZED
                  00007a00    00000040     F2837xD_GlobalVariableDefs.obj (EPwmXbarRegsFile)

OutputXbarRegsFile 
*          1    00007a80    00000040     UNINITIALIZED
                  00007a80    00000040     F2837xD_GlobalVariableDefs.obj (OutputXbarRegsFile)

GpioCtrlRegsFile 
*          1    00007c00    00000180     UNINITIALIZED
                  00007c00    00000180     F2837xD_GlobalVariableDefs.obj (GpioCtrlRegsFile)

GpioDataRegsFile 
*          1    00007f00    00000030     UNINITIALIZED
                  00007f00    00000030     F2837xD_GlobalVariableDefs.obj (GpioDataRegsFile)

.ebss      1    0000a800    000000e6     UNINITIALIZED
                  0000a800    0000005a     Control.obj (.ebss)
                  0000a85a    00000018     F2837xD_CpuTimers.obj (.ebss)
                  0000a872    00000008     DAC.obj (.ebss)
                  0000a87a    00000006     rts2800_fpu32.lib : exit.obj (.ebss)
                  0000a880    00000052     Meas.obj (.ebss)
                  0000a8d2    00000008     IPC.obj (.ebss)
                  0000a8da    00000008     main_CPU1.obj (.ebss)
                  0000a8e2    00000002     rts2800_fpu32.lib : _lock.obj (.ebss:__lock)
                  0000a8e4    00000002                       : _lock.obj (.ebss:__unlock)

Emif1RegsFile 
*          1    00047000    00000070     UNINITIALIZED
                  00047000    00000070     F2837xD_GlobalVariableDefs.obj (Emif1RegsFile)

Emif2RegsFile 
*          1    00047800    00000070     UNINITIALIZED
                  00047800    00000070     F2837xD_GlobalVariableDefs.obj (Emif2RegsFile)

IpcRegsFile 
*          1    00050000    00000024     UNINITIALIZED
                  00050000    00000024     F2837xD_GlobalVariableDefs.obj (IpcRegsFile)

FlashPumpSemaphoreRegsFile 
*          1    00050024    00000002     UNINITIALIZED
                  00050024    00000002     F2837xD_GlobalVariableDefs.obj (FlashPumpSemaphoreRegsFile)

DevCfgRegsFile 
*          1    0005d000    0000012e     UNINITIALIZED
                  0005d000    0000012e     F2837xD_GlobalVariableDefs.obj (DevCfgRegsFile)

AnalogSubsysRegsFile 
*          1    0005d180    00000048     UNINITIALIZED
                  0005d180    00000048     F2837xD_GlobalVariableDefs.obj (AnalogSubsysRegsFile)

Cla1SoftIntRegsFile 
*          1    00000ce0    00000004     DSECT
                  00000ce0    00000004     F2837xD_GlobalVariableDefs.obj (Cla1SoftIntRegsFile)

ClkCfgRegsFile 
*          1    0005d200    00000032     UNINITIALIZED
                  0005d200    00000032     F2837xD_GlobalVariableDefs.obj (ClkCfgRegsFile)

CpuSysRegsFile 
*          1    0005d300    00000082     UNINITIALIZED
                  0005d300    00000082     F2837xD_GlobalVariableDefs.obj (CpuSysRegsFile)

RomPrefetchRegsFile 
*          1    0005e608    00000002     UNINITIALIZED
                  0005e608    00000002     F2837xD_GlobalVariableDefs.obj (RomPrefetchRegsFile)

DcsmZ1RegsFile 
*          1    0005f000    00000024     UNINITIALIZED
                  0005f000    00000024     F2837xD_GlobalVariableDefs.obj (DcsmZ1RegsFile)

DcsmZ2RegsFile 
*          1    0005f040    00000024     UNINITIALIZED
                  0005f040    00000024     F2837xD_GlobalVariableDefs.obj (DcsmZ2RegsFile)

DcsmCommonRegsFile 
*          1    0005f070    00000008     UNINITIALIZED
                  0005f070    00000008     F2837xD_GlobalVariableDefs.obj (DcsmCommonRegsFile)

MemCfgRegsFile 
*          1    0005f400    00000080     UNINITIALIZED
                  0005f400    00000080     F2837xD_GlobalVariableDefs.obj (MemCfgRegsFile)

Emif1ConfigRegsFile 
*          1    0005f480    00000020     UNINITIALIZED
                  0005f480    00000020     F2837xD_GlobalVariableDefs.obj (Emif1ConfigRegsFile)

Emif2ConfigRegsFile 
*          1    0005f4a0    00000020     UNINITIALIZED
                  0005f4a0    00000020     F2837xD_GlobalVariableDefs.obj (Emif2ConfigRegsFile)

AccessProtectionRegsFile 
*          1    0005f4c0    00000040     UNINITIALIZED
                  0005f4c0    00000040     F2837xD_GlobalVariableDefs.obj (AccessProtectionRegsFile)

MemoryErrorRegsFile 
*          1    0005f500    00000040     UNINITIALIZED
                  0005f500    00000040     F2837xD_GlobalVariableDefs.obj (MemoryErrorRegsFile)

RomWaitStateRegsFile 
*          1    0005f540    00000002     UNINITIALIZED
                  0005f540    00000002     F2837xD_GlobalVariableDefs.obj (RomWaitStateRegsFile)

Flash0CtrlRegsFile 
*          1    0005f800    00000182     UNINITIALIZED
                  0005f800    00000182     F2837xD_GlobalVariableDefs.obj (Flash0CtrlRegsFile)

Flash0EccRegsFile 
*          1    0005fb00    00000028     UNINITIALIZED
                  0005fb00    00000028     F2837xD_GlobalVariableDefs.obj (Flash0EccRegsFile)

DcsmZ1OtpFile 
*          1    00078000    00000020     NOLOAD SECTION
                  00078000    00000020     F2837xD_GlobalVariableDefs.obj (DcsmZ1OtpFile)

DcsmZ2OtpFile 
*          1    00078200    00000020     NOLOAD SECTION
                  00078200    00000020     F2837xD_GlobalVariableDefs.obj (DcsmZ2OtpFile)

MODULE SUMMARY

       Module                           code   ro data   rw data
       ------                           ----   -------   -------
    .\
       F2837xD_GlobalVariableDefs.obj   0      0         8047   
       F2837xD_DefaultISR.obj           1413   0         0      
       main_CPU1.obj                    745    0         525    
       F2837xD_SysCtrl.obj              936    0         0      
       F2837xD_Gpio.obj                 574    0         0      
       F2837xD_PieVect.obj              17     0         448    
       F2837xD_EPwm.obj                 329    0         0      
       F2837xD_Ipc_Driver_Util.obj      327    0         0      
       F2837xD_Adc.obj                  212    0         0      
       F2837xD_CpuTimers.obj            94     0         24     
       F2837xD_PieCtrl.obj              40     0         0      
       F2837xD_CodeStartBranch.obj      10     0         0      
       F2837xD_usDelay.obj              8      0         0      
    +--+--------------------------------+------+---------+---------+
       Total:                           4705   0         9044   
                                                                
    .\Comm\
       IPC.obj                          69     0         24     
       Comm.obj                         5      0         0      
    +--+--------------------------------+------+---------+---------+
       Total:                           74     0         24     
                                                                
    .\Control\
       Meas.obj                         1752   0         124    
       Control.obj                      1388   0         130    
    +--+--------------------------------+------+---------+---------+
       Total:                           3140   0         254    
                                                                
    .\Peripheral\
       Epwm.obj                         644    0         0      
       Adc.obj                          356    0         0      
       DAC.obj                          145    0         19     
       GPIO.obj                         80     0         0      
       ISR.obj                          44     0         0      
       Peripheral.obj                   28     0         0      
       Timer.obj                        15     0         0      
    +--+--------------------------------+------+---------+---------+
       Total:                           1312   0         19     
                                                                
    C:/ti/ccsv6/tools/compiler/c2000_15.12.3.LTS/lib/rts2800_fpu32.lib
       fs_div.obj                       136    0         0      
       s_cosf.obj                       97     0         0      
       s_sinf.obj                       88     0         0      
       boot.obj                         86     0         0      
       cpy_tbl.obj                      70     0         0      
       exit.obj                         41     0         20     
       memcpy.obj                       30     0         0      
       cpy_utils.obj                    26     0         0      
       args_main.obj                    25     0         0      
       ll_aox.obj                       24     0         0      
       _lock.obj                        9      0         14     
       pre_init.obj                     2      0         0      
       startup.obj                      1      0         0      
    +--+--------------------------------+------+---------+---------+
       Total:                           635    0         34     
                                                                
       Stack:                           0      0         256    
    +--+--------------------------------+------+---------+---------+
       Grand Total:                     9866   0         9631   


GLOBAL DATA SYMBOLS: SORTED BY DATA PAGE

address     data page           name
--------    ----------------    ----
00000400      10 (00000400)     __stack

00000b00      2c (00000b00)     _AdcaResultRegs
00000b20      2c (00000b00)     _AdcbResultRegs

00000b40      2d (00000b40)     _AdccResultRegs
00000b60      2d (00000b40)     _AdcdResultRegs

00000c00      30 (00000c00)     _CpuTimer0Regs
00000c08      30 (00000c00)     _CpuTimer1Regs
00000c10      30 (00000c00)     _CpuTimer2Regs

00000ce0      33 (00000cc0)     _Cla1SoftIntRegs
00000ce0      33 (00000cc0)     _PieCtrlRegs

00000d00      34 (00000d00)     _EmuKey
00000d00      34 (00000d00)     _PieVectTable
00000d01      34 (00000d00)     _EmuBMode

00001000      40 (00001000)     _DmaRegs

00001400      50 (00001400)     _Cla1Regs

00004000     100 (00004000)     _EPwm1Regs

00004100     104 (00004100)     _EPwm2Regs

00004200     108 (00004200)     _EPwm3Regs

00004300     10c (00004300)     _EPwm4Regs

00004400     110 (00004400)     _EPwm5Regs

00004500     114 (00004500)     _EPwm6Regs

00004600     118 (00004600)     _EPwm7Regs

00004700     11c (00004700)     _EPwm8Regs

00004800     120 (00004800)     _EPwm9Regs

00004900     124 (00004900)     _EPwm10Regs

00004a00     128 (00004a00)     _EPwm11Regs

00004b00     12c (00004b00)     _EPwm12Regs

00005000     140 (00005000)     _ECap1Regs
00005020     140 (00005000)     _ECap2Regs

00005040     141 (00005040)     _ECap3Regs
00005060     141 (00005040)     _ECap4Regs

00005080     142 (00005080)     _ECap5Regs
000050a0     142 (00005080)     _ECap6Regs

00005100     144 (00005100)     _EQep1Regs

00005140     145 (00005140)     _EQep2Regs

00005180     146 (00005180)     _EQep3Regs

00005c00     170 (00005c00)     _DacaRegs
00005c10     170 (00005c00)     _DacbRegs
00005c20     170 (00005c00)     _DaccRegs

00005c80     172 (00005c80)     _Cmpss1Regs
00005ca0     172 (00005c80)     _Cmpss2Regs

00005cc0     173 (00005cc0)     _Cmpss3Regs
00005ce0     173 (00005cc0)     _Cmpss4Regs

00005d00     174 (00005d00)     _Cmpss5Regs
00005d20     174 (00005d00)     _Cmpss6Regs

00005d40     175 (00005d40)     _Cmpss7Regs
00005d60     175 (00005d40)     _Cmpss8Regs

00005e00     178 (00005e00)     _Sdfm1Regs

00005e80     17a (00005e80)     _Sdfm2Regs

00006000     180 (00006000)     _McbspaRegs

00006040     181 (00006040)     _McbspbRegs

00006100     184 (00006100)     _SpiaRegs
00006110     184 (00006100)     _SpibRegs
00006120     184 (00006100)     _SpicRegs

00006200     188 (00006200)     _UppRegs

00007000     1c0 (00007000)     _WdRegs

00007060     1c1 (00007040)     _NmiIntruptRegs
00007070     1c1 (00007040)     _XintRegs

00007200     1c8 (00007200)     _SciaRegs
00007210     1c8 (00007200)     _ScibRegs
00007220     1c8 (00007200)     _ScicRegs
00007230     1c8 (00007200)     _ScidRegs

00007300     1cc (00007300)     _I2caRegs

00007340     1cd (00007340)     _I2cbRegs

00007400     1d0 (00007400)     _AdcaRegs

00007480     1d2 (00007480)     _AdcbRegs

00007500     1d4 (00007500)     _AdccRegs

00007580     1d6 (00007580)     _AdcdRegs

00007900     1e4 (00007900)     _InputXbarRegs
00007920     1e4 (00007900)     _XbarRegs

00007940     1e5 (00007940)     _SyncSocRegs

00007980     1e6 (00007980)     _DmaClaSrcSelRegs

00007a00     1e8 (00007a00)     _EPwmXbarRegs

00007a80     1ea (00007a80)     _OutputXbarRegs

00007c00     1f0 (00007c00)     _GpioCtrlRegs

00007f00     1fc (00007f00)     _GpioDataRegs

0000a810     2a0 (0000a800)     _control_states2

0000a840     2a1 (0000a840)     _control_states1
0000a85a     2a1 (0000a840)     _CpuTimer1
0000a862     2a1 (0000a840)     _CpuTimer2
0000a86a     2a1 (0000a840)     _CpuTimer0
0000a872     2a1 (0000a840)     _DAC_PTR
0000a87a     2a1 (0000a840)     ___TI_enable_exit_profile_output
0000a87c     2a1 (0000a840)     ___TI_cleanup_ptr
0000a87e     2a1 (0000a840)     ___TI_dtors_ptr

0000a8a4     2a2 (0000a880)     _meas_states1

0000a8c0     2a3 (0000a8c0)     _meas_states2
0000a8d2     2a3 (0000a8c0)     _enable
0000a8d3     2a3 (0000a8c0)     _console_data
0000a8d6     2a3 (0000a8c0)     _report_data
0000a8e2     2a3 (0000a8c0)     __lock
0000a8e4     2a3 (0000a8c0)     __unlock

0000c000     300 (0000c000)     _c1_r_array

0000d000     340 (0000d000)     _c1_r_w_array

00047000    11c0 (00047000)     _Emif1Regs

00047800    11e0 (00047800)     _Emif2Regs

00050000    1400 (00050000)     _IpcRegs
00050024    1400 (00050000)     _FlashPumpSemaphoreRegs

0005d000    1740 (0005d000)     _DevCfgRegs

0005d180    1746 (0005d180)     _AnalogSubsysRegs

0005d200    1748 (0005d200)     _ClkCfgRegs

0005d300    174c (0005d300)     _CpuSysRegs

0005e608    1798 (0005e600)     _RomPrefetchRegs

0005f000    17c0 (0005f000)     _DcsmZ1Regs

0005f040    17c1 (0005f040)     _DcsmZ2Regs
0005f070    17c1 (0005f040)     _DcsmCommonRegs

0005f400    17d0 (0005f400)     _MemCfgRegs

0005f480    17d2 (0005f480)     _Emif1ConfigRegs
0005f4a0    17d2 (0005f480)     _Emif2ConfigRegs

0005f4c0    17d3 (0005f4c0)     _AccessProtectionRegs

0005f500    17d4 (0005f500)     _MemoryErrorRegs

0005f540    17d5 (0005f540)     _RomWaitStateRegs

0005f800    17e0 (0005f800)     _Flash0CtrlRegs

0005fb00    17ec (0005fb00)     _Flash0EccRegs

00078000    1e00 (00078000)     _DcsmZ1Otp

00078200    1e08 (00078200)     _DcsmZ2Otp

00090000    2400 (00090000)     _PieVectTableInit

000901c0    2407 (000901c0)     _task_period


GLOBAL SYMBOLS: SORTED ALPHABETICALLY BY Name 

page  address   name                                  
----  -------   ----                                  
abs   ffffffff  .text                                 
0     000836c5  C$$EXIT                               
0     00083334  FS$$DIV                               
0     00083783  LL$$AND                               
0     0008378b  LL$$OR                                
0     00083793  LL$$XOR                               
0     000825f7  _ADCA1_ISR                            
0     000825ed  _ADCA2_ISR                            
0     000825e3  _ADCA3_ISR                            
0     000825d9  _ADCA4_ISR                            
0     000825cf  _ADCA_EVT_ISR                         
0     000825c5  _ADCB1_ISR                            
0     000825bb  _ADCB2_ISR                            
0     000825b1  _ADCB3_ISR                            
0     000825a7  _ADCB4_ISR                            
0     0008259d  _ADCB_EVT_ISR                         
0     00082593  _ADCC1_ISR                            
0     00082589  _ADCC2_ISR                            
0     0008257f  _ADCC3_ISR                            
0     00082575  _ADCC4_ISR                            
0     0008256b  _ADCC_EVT_ISR                         
0     00082561  _ADCD1_ISR                            
0     00082557  _ADCD2_ISR                            
0     0008254d  _ADCD3_ISR                            
0     00082543  _ADCD4_ISR                            
0     00082539  _ADCD_EVT_ISR                         
0     00082ee9  _ADC_init                             
0     00008080  _ADC_process                          
0     0008252f  _AUX_PLL_SLIP_ISR                     
0     00008292  _Abc2dq_fast                          
1     0005f4c0  _AccessProtectionRegs                 
0     00083204  _AdcSetMode                           
1     00007400  _AdcaRegs                             
1     00000b00  _AdcaResultRegs                       
1     00007480  _AdcbRegs                             
1     00000b20  _AdcbResultRegs                       
1     00007500  _AdccRegs                             
1     00000b40  _AdccResultRegs                       
1     00007580  _AdcdRegs                             
1     00000b60  _AdcdResultRegs                       
1     0005d180  _AnalogSubsysRegs                     
0     000827d4  _AuxAuxClkSel                         
0     000827ef  _AuxIntOsc2Sel                        
0     000827de  _AuxXtalOscSel                        
0     00082525  _CANA0_ISR                            
0     0008251b  _CANA1_ISR                            
0     00082511  _CANB0_ISR                            
0     00082507  _CANB1_ISR                            
0     000824fd  _CLA1_1_ISR                           
0     000824f3  _CLA1_2_ISR                           
0     000824e9  _CLA1_3_ISR                           
0     000824df  _CLA1_4_ISR                           
0     000824d5  _CLA1_5_ISR                           
0     000824cb  _CLA1_6_ISR                           
0     000824c1  _CLA1_7_ISR                           
0     000824b7  _CLA1_8_ISR                           
0     000824ad  _CLA_OVERFLOW_ISR                     
0     000824a3  _CLA_UNDERFLOW_ISR                    
0     000831cf  _CalAdcINL                            
1     00001400  _Cla1Regs                             
0     00000ce0  _Cla1SoftIntRegs                      
1     0005d200  _ClkCfgRegs                           
1     00005c80  _Cmpss1Regs                           
1     00005ca0  _Cmpss2Regs                           
1     00005cc0  _Cmpss3Regs                           
1     00005ce0  _Cmpss4Regs                           
1     00005d00  _Cmpss5Regs                           
1     00005d20  _Cmpss6Regs                           
1     00005d40  _Cmpss7Regs                           
1     00005d60  _Cmpss8Regs                           
0     00083458  _ConfigCpuTimer                       
0     000085a2  _Control_step                         
1     0005d300  _CpuSysRegs                           
1     0000a86a  _CpuTimer0                            
1     00000c00  _CpuTimer0Regs                        
1     0000a85a  _CpuTimer1                            
1     00000c08  _CpuTimer1Regs                        
1     0000a862  _CpuTimer2                            
1     00000c10  _CpuTimer2Regs                        
0     000828f8  _CsmUnlock                            
0     00083320  _DACA                                 
0     0008330c  _DACB                                 
0     000832f8  _DACC                                 
1     0000a872  _DAC_PTR                              
0     000832e6  _DAC_init                             
0     00082499  _DATALOG_ISR                          
0     0008248f  _DMA_CH1_ISR                          
0     00082485  _DMA_CH2_ISR                          
0     0008247b  _DMA_CH3_ISR                          
0     00082471  _DMA_CH4_ISR                          
0     00082467  _DMA_CH5_ISR                          
0     0008245d  _DMA_CH6_ISR                          
1     00005c00  _DacaRegs                             
1     00005c10  _DacbRegs                             
1     00005c20  _DaccRegs                             
1     0005f070  _DcsmCommonRegs                       
1     00078000  _DcsmZ1Otp                            
1     0005f000  _DcsmZ1Regs                           
1     00078200  _DcsmZ2Otp                            
1     0005f040  _DcsmZ2Regs                           
0     0008364a  _Decoder_Process_IPC                  
1     0005d000  _DevCfgRegs                           
0     000826da  _DisableDog                           
0     0008289f  _DisablePeripheralClocks              
1     00007980  _DmaClaSrcSelRegs                     
1     00001000  _DmaRegs                              
0     0000854b  _Droop_control                        
0     00082453  _ECAP1_ISR                            
0     00082449  _ECAP2_ISR                            
0     0008243f  _ECAP3_ISR                            
0     00082435  _ECAP4_ISR                            
0     0008242b  _ECAP5_ISR                            
0     00082421  _ECAP6_ISR                            
1     00005000  _ECap1Regs                            
1     00005020  _ECap2Regs                            
1     00005040  _ECap3Regs                            
1     00005060  _ECap4Regs                            
1     00005080  _ECap5Regs                            
1     000050a0  _ECap6Regs                            
0     00082417  _EMIF_ERROR_ISR                       
0     0008240a  _EMPTY_ISR                            
0     00082400  _EMU_ISR                              
0     000823f6  _EPWM10_ISR                           
0     000823ec  _EPWM10_TZ_ISR                        
0     000823e2  _EPWM11_ISR                           
0     000823d8  _EPWM11_TZ_ISR                        
0     000823ce  _EPWM12_ISR                           
0     000823c4  _EPWM12_TZ_ISR                        
0     000823ba  _EPWM1_ISR                            
0     000823b0  _EPWM1_TZ_ISR                         
0     000823a6  _EPWM2_ISR                            
0     0008239c  _EPWM2_TZ_ISR                         
0     00082392  _EPWM3_ISR                            
0     00082388  _EPWM3_TZ_ISR                         
0     0008237e  _EPWM4_ISR                            
0     00082374  _EPWM4_TZ_ISR                         
0     0008236a  _EPWM5_ISR                            
0     00082360  _EPWM5_TZ_ISR                         
0     00082356  _EPWM6_ISR                            
0     0008234c  _EPWM6_TZ_ISR                         
0     00082342  _EPWM7_ISR                            
0     00082338  _EPWM7_TZ_ISR                         
0     0008232e  _EPWM8_ISR                            
0     00082324  _EPWM8_TZ_ISR                         
0     0008231a  _EPWM9_ISR                            
0     00082310  _EPWM9_TZ_ISR                         
0     00082b8f  _EPWM_enable                          
0     00082b5f  _EPWM_init                            
1     00004900  _EPwm10Regs                           
1     00004a00  _EPwm11Regs                           
1     00004b00  _EPwm12Regs                           
1     00004000  _EPwm1Regs                            
1     00004100  _EPwm2Regs                            
1     00004200  _EPwm3Regs                            
1     00004300  _EPwm4Regs                            
1     00004400  _EPwm5Regs                            
1     00004500  _EPwm6Regs                            
1     00004600  _EPwm7Regs                            
1     00004700  _EPwm8Regs                            
1     00004800  _EPwm9Regs                            
1     00007a00  _EPwmXbarRegs                         
0     00082306  _EQEP1_ISR                            
0     000822fc  _EQEP2_ISR                            
0     000822f2  _EQEP3_ISR                            
1     00005100  _EQep1Regs                            
1     00005140  _EQep2Regs                            
1     00005180  _EQep3Regs                            
1     0005f480  _Emif1ConfigRegs                      
1     00047000  _Emif1Regs                            
1     0005f4a0  _Emif2ConfigRegs                      
1     00047800  _Emif2Regs                            
1     00000d01  _EmuBMode                             
1     00000d00  _EmuKey                               
0     0008370d  _EnableInterrupts                     
0     000837cc  _Enable_Comm                          
0     00083749  _Enable_Peripheral                    
0     00008794  _F28x_usDelay                         
0     000822e8  _FLASH_CORRECTABLE_ERROR_ISR          
0     000822de  _FPU_OVERFLOW_ISR                     
0     000822d4  _FPU_UNDERFLOW_ISR                    
1     0005f800  _Flash0CtrlRegs                       
1     0005fb00  _Flash0EccRegs                        
0     00008780  _FlashOff                             
1     00050024  _FlashPumpSemaphoreRegs               
0     00082dcb  _GPIO_EnableUnbondedIOPullups         
0     00082da6  _GPIO_EnableUnbondedIOPullupsFor100Pin
0     00082d8d  _GPIO_EnableUnbondedIOPullupsFor176Pin
0     00082d79  _GPIO_ReadPin                         
0     00082d57  _GPIO_SetupLock                       
0     00082d02  _GPIO_SetupPinMux                     
0     00082c7b  _GPIO_SetupPinOptions                 
0     00082c74  _GPIO_SetupXINT1Gpio                  
0     00082c6d  _GPIO_SetupXINT2Gpio                  
0     00082c66  _GPIO_SetupXINT3Gpio                  
0     00082c5f  _GPIO_SetupXINT4Gpio                  
0     00082c58  _GPIO_SetupXINT5Gpio                  
0     00082c3e  _GPIO_WritePin                        
0     00083586  _GPIO_init                            
1     00007c00  _GpioCtrlRegs                         
1     00007f00  _GpioDataRegs                         
0     0008363a  _Grant_meomory_access                 
0     000828df  _HALT                                 
0     000828bc  _HIB                                  
0     000822ca  _I2CA_FIFO_ISR                        
0     000822c0  _I2CA_ISR                             
0     000822b6  _I2CB_FIFO_ISR                        
0     000822ac  _I2CB_ISR                             
1     00007300  _I2caRegs                             
1     00007340  _I2cbRegs                             
0     00082896  _IDLE                                 
0     000822a2  _ILLEGAL_ISR                          
0     000084f4  _IL_control                           
0     00082298  _IPC0_ISR                             
0     0008228e  _IPC1_ISR                             
0     00082284  _IPC2_ISR                             
0     0008227a  _IPC3_ISR                             
0     000830b3  _IPCBootCPU2                          
0     000830af  _IPCGetBootStatus                     
0     000830a3  _IPCLtoRFlagBusy                      
0     0008309e  _IPCLtoRFlagClear                     
0     00083099  _IPCLtoRFlagSet                       
0     00083094  _IPCRtoLFlagAcknowledge               
0     00083088  _IPCRtoLFlagBusy                      
0     00008711  _IPC_isr                              
0     000836b5  _ISR_enable                           
0     00083699  _ISR_init                             
0     000827fc  _InitAuxPll                           
0     0008341d  _InitCpuTimers                        
0     00082ae5  _InitEPwm1                            
0     00083013  _InitEPwm10Gpio                       
0     00083030  _InitEPwm11Gpio                       
0     0008304e  _InitEPwm12Gpio                       
0     00082f3f  _InitEPwm1Gpio                        
0     00082a89  _InitEPwm2                            
0     00082f55  _InitEPwm2Gpio                        
0     00082a2d  _InitEPwm3                            
0     00082f6b  _InitEPwm3Gpio                        
0     000829d1  _InitEPwm4                            
0     00082f83  _InitEPwm4Gpio                        
0     00082975  _InitEPwm5                            
0     00082f9b  _InitEPwm5Gpio                        
0     00082919  _InitEPwm6                            
0     00082fb1  _InitEPwm6Gpio                        
0     00082fc7  _InitEPwm7Gpio                        
0     00082fdf  _InitEPwm8Gpio                        
0     00082ff7  _InitEPwm9Gpio                        
0     0008306f  _InitEPwmGpio                         
0     0000874c  _InitFlash                            
0     00082b9d  _InitGpio                             
0     000826e7  _InitPeripheralClocks                 
0     000836ee  _InitPieCtrl                          
0     0008379b  _InitPieVectTable                     
0     00082790  _InitSysCtrl                          
0     00082656  _InitSysPll                           
0     0008373c  _Init_Peripheral                      
1     00007900  _InputXbarRegs                        
1     00050000  _IpcRegs                              
0     00008000  _LPF                                  
0     00082270  _MCBSPA_RX_ISR                        
0     00082266  _MCBSPA_TX_ISR                        
0     0008225c  _MCBSPB_RX_ISR                        
0     00082252  _MCBSPB_TX_ISR                        
1     00006000  _McbspaRegs                           
1     00006040  _McbspbRegs                           
0     000082c7  _Measurement_step                     
1     0005f400  _MemCfgRegs                           
1     0005f500  _MemoryErrorRegs                      
0     00082248  _NMI_ISR                              
0     0008223e  _NOTUSED_ISR                          
1     00007060  _NmiIntruptRegs                       
0     0000805f  _Oscillator                           
1     00007a80  _OutputXbarRegs                       
0     00083734  _Owner_Peripheral                     
0     0000846b  _PID_dq                               
0     00082234  _PIE_RESERVED_ISR                     
1     00000ce0  _PieCtrlRegs                          
1     00000d00  _PieVectTable                         
0     00090000  _PieVectTableInit                     
0     00008012  _Power_caculation                     
0     0008222a  _RAM_ACCESS_VIOLATION_ISR             
0     00082220  _RAM_CORRECTABLE_ERROR_ISR            
0     00082216  _RTOS_ISR                             
0     00086798  _RamfuncsLoadEnd                      
abs   00000798  _RamfuncsLoadSize                     
0     00086000  _RamfuncsLoadStart                    
0     00008798  _RamfuncsRunEnd                       
abs   00000798  _RamfuncsRunSize                      
0     00008000  _RamfuncsRunStart                     
0     0008264c  _ReleaseFlashPump                     
0     00083635  _Reset_remote_IPC                     
1     0005e608  _RomPrefetchRegs                      
1     0005f540  _RomWaitStateRegs                     
0     0008220c  _SCIA_RX_ISR                          
0     00082202  _SCIA_TX_ISR                          
0     000821f8  _SCIB_RX_ISR                          
0     000821ee  _SCIB_TX_ISR                          
0     000821e4  _SCIC_RX_ISR                          
0     000821da  _SCIC_TX_ISR                          
0     000821d0  _SCID_RX_ISR                          
0     000821c6  _SCID_TX_ISR                          
0     000821bc  _SD1_ISR                              
0     000821b2  _SD2_ISR                              
0     000821a8  _SPIA_RX_ISR                          
0     0008219e  _SPIA_TX_ISR                          
0     00082194  _SPIB_RX_ISR                          
0     0008218a  _SPIB_TX_ISR                          
0     00082180  _SPIC_RX_ISR                          
0     00082176  _SPIC_TX_ISR                          
0     00082641  _STANDBY                              
0     0008216c  _SYS_PLL_SLIP_ISR                     
1     00007200  _SciaRegs                             
1     00007210  _ScibRegs                             
1     00007220  _ScicRegs                             
1     00007230  _ScidRegs                             
1     00005e00  _Sdfm1Regs                            
1     00005e80  _Sdfm2Regs                            
0     0008262f  _SeizeFlashPump                       
0     0008361c  _Send_to_CPU2                         
0     00082621  _ServiceDog                           
0     00082ddb  _SetupADCEpwm                         
1     00006100  _SpiaRegs                             
1     00006110  _SpibRegs                             
1     00006120  _SpicRegs                             
1     00007940  _SyncSocRegs                          
0     00082617  _SysIntOsc1Sel                        
0     0008260d  _SysIntOsc2Sel                        
0     00082601  _SysXtalOscSel                        
0     00082162  _TIMER0_ISR                           
0     00082158  _TIMER1_ISR                           
0     0008214e  _TIMER2_ISR                           
0     000837ac  _Timer_init                           
0     00082144  _UPPA_ISR                             
0     0008213a  _USBA_ISR                             
0     00082130  _USER10_ISR                           
0     00082126  _USER11_ISR                           
0     0008211c  _USER12_ISR                           
0     00082112  _USER1_ISR                            
0     00082108  _USER2_ISR                            
0     000820fe  _USER3_ISR                            
0     000820f4  _USER4_ISR                            
0     000820ea  _USER5_ISR                            
0     000820e0  _USER6_ISR                            
0     000820d6  _USER7_ISR                            
0     000820cc  _USER8_ISR                            
0     000820c2  _USER9_ISR                            
1     00006200  _UppRegs                              
0     000820b8  _VCU_ISR                              
0     0000848b  _VC_control                           
0     00008401  _VINV2Duty                            
0     000083c3  _Virtual_component                    
0     000820ae  _WAKE_ISR                             
1     00007000  _WdRegs                               
0     000820a4  _XINT1_ISR                            
0     0008209a  _XINT2_ISR                            
0     00082090  _XINT3_ISR                            
0     00082086  _XINT4_ISR                            
0     0008207c  _XINT5_ISR                            
1     00007920  _XbarRegs                             
1     00007070  _XintRegs                             
1     00000500  __STACK_END                           
abs   00000100  __STACK_SIZE                          
1     0000a87c  ___TI_cleanup_ptr                     
1     0000a87e  ___TI_dtors_ptr                       
1     0000a87a  ___TI_enable_exit_profile_output      
abs   ffffffff  ___TI_pprof_out_hndl                  
abs   ffffffff  ___TI_prof_data_size                  
abs   ffffffff  ___TI_prof_data_start                 
abs   ffffffff  ___binit__                            
abs   ffffffff  ___c_args__                           
0     00082000  ___cinit__                            
abs   ffffffff  ___etext__                            
abs   ffffffff  ___pinit__                            
abs   ffffffff  ___text__                             
0     0008376a  __args_main                           
1     0000a8e2  __lock                                
0     000837c3  __nop                                 
0     000837bf  __register_lock                       
0     000837bb  __register_unlock                     
1     00000400  __stack                               
0     000837d3  __system_post_cinit                   
0     000837d1  __system_pre_init                     
1     0000a8e4  __unlock                              
0     000836c5  _abort                                
0     00008622  _adca1_isr                            
1     0000c000  _c1_r_array                           
1     0000d000  _c1_r_w_array                         
0     00083530  _c_int00                              
0     000832cd  _configureDAC                         
1     0000a8d3  _console_data                         
1     0000a840  _control_states1                      
1     0000a810  _control_states2                      
0     000835d6  _copy_in                              
0     000833bc  _cos                                  
0     000833bc  _cosf                                 
0     00083661  _cpu_timer_5kHz                       
0     00083750  _ddcopy                               
0     00083750  _dpcopy                               
0     0000836c  _dq2abc_fast                          
1     0000a8d2  _enable                               
0     000836c7  _exit                                 
0     000834ca  _main                                 
1     0000a8a4  _meas_states1                         
1     0000a8c0  _meas_states2                         
0     00083716  _memcpy                               
0     00083750  _pdcopy                               
0     00083750  _ppcopy                               
1     0000a8d6  _report_data                          
0     000834d8  _sin                                  
0     000834d8  _sinf                                 
0     000901c0  _task_period                          
0     0008347b  _task_table                           
0     000832bf  _uDACA                                
0     000832b1  _uDACB                                
0     000832a3  _uDACC                                
abs   ffffffff  binit                                 
0     00082000  cinit                                 
0     00080000  code_start                            
abs   ffffffff  etext                                 
abs   ffffffff  pinit                                 


GLOBAL SYMBOLS: SORTED BY Symbol Address 

page  address   name                                  
----  -------   ----                                  
0     00000ce0  _Cla1SoftIntRegs                      
0     00008000  _LPF                                  
0     00008000  _RamfuncsRunStart                     
0     00008012  _Power_caculation                     
0     0000805f  _Oscillator                           
0     00008080  _ADC_process                          
0     00008292  _Abc2dq_fast                          
0     000082c7  _Measurement_step                     
0     0000836c  _dq2abc_fast                          
0     000083c3  _Virtual_component                    
0     00008401  _VINV2Duty                            
0     0000846b  _PID_dq                               
0     0000848b  _VC_control                           
0     000084f4  _IL_control                           
0     0000854b  _Droop_control                        
0     000085a2  _Control_step                         
0     00008622  _adca1_isr                            
0     00008711  _IPC_isr                              
0     0000874c  _InitFlash                            
0     00008780  _FlashOff                             
0     00008794  _F28x_usDelay                         
0     00008798  _RamfuncsRunEnd                       
0     00080000  code_start                            
0     00082000  ___cinit__                            
0     00082000  cinit                                 
0     0008207c  _XINT5_ISR                            
0     00082086  _XINT4_ISR                            
0     00082090  _XINT3_ISR                            
0     0008209a  _XINT2_ISR                            
0     000820a4  _XINT1_ISR                            
0     000820ae  _WAKE_ISR                             
0     000820b8  _VCU_ISR                              
0     000820c2  _USER9_ISR                            
0     000820cc  _USER8_ISR                            
0     000820d6  _USER7_ISR                            
0     000820e0  _USER6_ISR                            
0     000820ea  _USER5_ISR                            
0     000820f4  _USER4_ISR                            
0     000820fe  _USER3_ISR                            
0     00082108  _USER2_ISR                            
0     00082112  _USER1_ISR                            
0     0008211c  _USER12_ISR                           
0     00082126  _USER11_ISR                           
0     00082130  _USER10_ISR                           
0     0008213a  _USBA_ISR                             
0     00082144  _UPPA_ISR                             
0     0008214e  _TIMER2_ISR                           
0     00082158  _TIMER1_ISR                           
0     00082162  _TIMER0_ISR                           
0     0008216c  _SYS_PLL_SLIP_ISR                     
0     00082176  _SPIC_TX_ISR                          
0     00082180  _SPIC_RX_ISR                          
0     0008218a  _SPIB_TX_ISR                          
0     00082194  _SPIB_RX_ISR                          
0     0008219e  _SPIA_TX_ISR                          
0     000821a8  _SPIA_RX_ISR                          
0     000821b2  _SD2_ISR                              
0     000821bc  _SD1_ISR                              
0     000821c6  _SCID_TX_ISR                          
0     000821d0  _SCID_RX_ISR                          
0     000821da  _SCIC_TX_ISR                          
0     000821e4  _SCIC_RX_ISR                          
0     000821ee  _SCIB_TX_ISR                          
0     000821f8  _SCIB_RX_ISR                          
0     00082202  _SCIA_TX_ISR                          
0     0008220c  _SCIA_RX_ISR                          
0     00082216  _RTOS_ISR                             
0     00082220  _RAM_CORRECTABLE_ERROR_ISR            
0     0008222a  _RAM_ACCESS_VIOLATION_ISR             
0     00082234  _PIE_RESERVED_ISR                     
0     0008223e  _NOTUSED_ISR                          
0     00082248  _NMI_ISR                              
0     00082252  _MCBSPB_TX_ISR                        
0     0008225c  _MCBSPB_RX_ISR                        
0     00082266  _MCBSPA_TX_ISR                        
0     00082270  _MCBSPA_RX_ISR                        
0     0008227a  _IPC3_ISR                             
0     00082284  _IPC2_ISR                             
0     0008228e  _IPC1_ISR                             
0     00082298  _IPC0_ISR                             
0     000822a2  _ILLEGAL_ISR                          
0     000822ac  _I2CB_ISR                             
0     000822b6  _I2CB_FIFO_ISR                        
0     000822c0  _I2CA_ISR                             
0     000822ca  _I2CA_FIFO_ISR                        
0     000822d4  _FPU_UNDERFLOW_ISR                    
0     000822de  _FPU_OVERFLOW_ISR                     
0     000822e8  _FLASH_CORRECTABLE_ERROR_ISR          
0     000822f2  _EQEP3_ISR                            
0     000822fc  _EQEP2_ISR                            
0     00082306  _EQEP1_ISR                            
0     00082310  _EPWM9_TZ_ISR                         
0     0008231a  _EPWM9_ISR                            
0     00082324  _EPWM8_TZ_ISR                         
0     0008232e  _EPWM8_ISR                            
0     00082338  _EPWM7_TZ_ISR                         
0     00082342  _EPWM7_ISR                            
0     0008234c  _EPWM6_TZ_ISR                         
0     00082356  _EPWM6_ISR                            
0     00082360  _EPWM5_TZ_ISR                         
0     0008236a  _EPWM5_ISR                            
0     00082374  _EPWM4_TZ_ISR                         
0     0008237e  _EPWM4_ISR                            
0     00082388  _EPWM3_TZ_ISR                         
0     00082392  _EPWM3_ISR                            
0     0008239c  _EPWM2_TZ_ISR                         
0     000823a6  _EPWM2_ISR                            
0     000823b0  _EPWM1_TZ_ISR                         
0     000823ba  _EPWM1_ISR                            
0     000823c4  _EPWM12_TZ_ISR                        
0     000823ce  _EPWM12_ISR                           
0     000823d8  _EPWM11_TZ_ISR                        
0     000823e2  _EPWM11_ISR                           
0     000823ec  _EPWM10_TZ_ISR                        
0     000823f6  _EPWM10_ISR                           
0     00082400  _EMU_ISR                              
0     0008240a  _EMPTY_ISR                            
0     00082417  _EMIF_ERROR_ISR                       
0     00082421  _ECAP6_ISR                            
0     0008242b  _ECAP5_ISR                            
0     00082435  _ECAP4_ISR                            
0     0008243f  _ECAP3_ISR                            
0     00082449  _ECAP2_ISR                            
0     00082453  _ECAP1_ISR                            
0     0008245d  _DMA_CH6_ISR                          
0     00082467  _DMA_CH5_ISR                          
0     00082471  _DMA_CH4_ISR                          
0     0008247b  _DMA_CH3_ISR                          
0     00082485  _DMA_CH2_ISR                          
0     0008248f  _DMA_CH1_ISR                          
0     00082499  _DATALOG_ISR                          
0     000824a3  _CLA_UNDERFLOW_ISR                    
0     000824ad  _CLA_OVERFLOW_ISR                     
0     000824b7  _CLA1_8_ISR                           
0     000824c1  _CLA1_7_ISR                           
0     000824cb  _CLA1_6_ISR                           
0     000824d5  _CLA1_5_ISR                           
0     000824df  _CLA1_4_ISR                           
0     000824e9  _CLA1_3_ISR                           
0     000824f3  _CLA1_2_ISR                           
0     000824fd  _CLA1_1_ISR                           
0     00082507  _CANB1_ISR                            
0     00082511  _CANB0_ISR                            
0     0008251b  _CANA1_ISR                            
0     00082525  _CANA0_ISR                            
0     0008252f  _AUX_PLL_SLIP_ISR                     
0     00082539  _ADCD_EVT_ISR                         
0     00082543  _ADCD4_ISR                            
0     0008254d  _ADCD3_ISR                            
0     00082557  _ADCD2_ISR                            
0     00082561  _ADCD1_ISR                            
0     0008256b  _ADCC_EVT_ISR                         
0     00082575  _ADCC4_ISR                            
0     0008257f  _ADCC3_ISR                            
0     00082589  _ADCC2_ISR                            
0     00082593  _ADCC1_ISR                            
0     0008259d  _ADCB_EVT_ISR                         
0     000825a7  _ADCB4_ISR                            
0     000825b1  _ADCB3_ISR                            
0     000825bb  _ADCB2_ISR                            
0     000825c5  _ADCB1_ISR                            
0     000825cf  _ADCA_EVT_ISR                         
0     000825d9  _ADCA4_ISR                            
0     000825e3  _ADCA3_ISR                            
0     000825ed  _ADCA2_ISR                            
0     000825f7  _ADCA1_ISR                            
0     00082601  _SysXtalOscSel                        
0     0008260d  _SysIntOsc2Sel                        
0     00082617  _SysIntOsc1Sel                        
0     00082621  _ServiceDog                           
0     0008262f  _SeizeFlashPump                       
0     00082641  _STANDBY                              
0     0008264c  _ReleaseFlashPump                     
0     00082656  _InitSysPll                           
0     000826da  _DisableDog                           
0     000826e7  _InitPeripheralClocks                 
0     00082790  _InitSysCtrl                          
0     000827d4  _AuxAuxClkSel                         
0     000827de  _AuxXtalOscSel                        
0     000827ef  _AuxIntOsc2Sel                        
0     000827fc  _InitAuxPll                           
0     00082896  _IDLE                                 
0     0008289f  _DisablePeripheralClocks              
0     000828bc  _HIB                                  
0     000828df  _HALT                                 
0     000828f8  _CsmUnlock                            
0     00082919  _InitEPwm6                            
0     00082975  _InitEPwm5                            
0     000829d1  _InitEPwm4                            
0     00082a2d  _InitEPwm3                            
0     00082a89  _InitEPwm2                            
0     00082ae5  _InitEPwm1                            
0     00082b5f  _EPWM_init                            
0     00082b8f  _EPWM_enable                          
0     00082b9d  _InitGpio                             
0     00082c3e  _GPIO_WritePin                        
0     00082c58  _GPIO_SetupXINT5Gpio                  
0     00082c5f  _GPIO_SetupXINT4Gpio                  
0     00082c66  _GPIO_SetupXINT3Gpio                  
0     00082c6d  _GPIO_SetupXINT2Gpio                  
0     00082c74  _GPIO_SetupXINT1Gpio                  
0     00082c7b  _GPIO_SetupPinOptions                 
0     00082d02  _GPIO_SetupPinMux                     
0     00082d57  _GPIO_SetupLock                       
0     00082d79  _GPIO_ReadPin                         
0     00082d8d  _GPIO_EnableUnbondedIOPullupsFor176Pin
0     00082da6  _GPIO_EnableUnbondedIOPullupsFor100Pin
0     00082dcb  _GPIO_EnableUnbondedIOPullups         
0     00082ddb  _SetupADCEpwm                         
0     00082ee9  _ADC_init                             
0     00082f3f  _InitEPwm1Gpio                        
0     00082f55  _InitEPwm2Gpio                        
0     00082f6b  _InitEPwm3Gpio                        
0     00082f83  _InitEPwm4Gpio                        
0     00082f9b  _InitEPwm5Gpio                        
0     00082fb1  _InitEPwm6Gpio                        
0     00082fc7  _InitEPwm7Gpio                        
0     00082fdf  _InitEPwm8Gpio                        
0     00082ff7  _InitEPwm9Gpio                        
0     00083013  _InitEPwm10Gpio                       
0     00083030  _InitEPwm11Gpio                       
0     0008304e  _InitEPwm12Gpio                       
0     0008306f  _InitEPwmGpio                         
0     00083088  _IPCRtoLFlagBusy                      
0     00083094  _IPCRtoLFlagAcknowledge               
0     00083099  _IPCLtoRFlagSet                       
0     0008309e  _IPCLtoRFlagClear                     
0     000830a3  _IPCLtoRFlagBusy                      
0     000830af  _IPCGetBootStatus                     
0     000830b3  _IPCBootCPU2                          
0     000831cf  _CalAdcINL                            
0     00083204  _AdcSetMode                           
0     000832a3  _uDACC                                
0     000832b1  _uDACB                                
0     000832bf  _uDACA                                
0     000832cd  _configureDAC                         
0     000832e6  _DAC_init                             
0     000832f8  _DACC                                 
0     0008330c  _DACB                                 
0     00083320  _DACA                                 
0     00083334  FS$$DIV                               
0     000833bc  _cos                                  
0     000833bc  _cosf                                 
0     0008341d  _InitCpuTimers                        
0     00083458  _ConfigCpuTimer                       
0     0008347b  _task_table                           
0     000834ca  _main                                 
0     000834d8  _sin                                  
0     000834d8  _sinf                                 
0     00083530  _c_int00                              
0     00083586  _GPIO_init                            
0     000835d6  _copy_in                              
0     0008361c  _Send_to_CPU2                         
0     00083635  _Reset_remote_IPC                     
0     0008363a  _Grant_meomory_access                 
0     0008364a  _Decoder_Process_IPC                  
0     00083661  _cpu_timer_5kHz                       
0     00083699  _ISR_init                             
0     000836b5  _ISR_enable                           
0     000836c5  C$$EXIT                               
0     000836c5  _abort                                
0     000836c7  _exit                                 
0     000836ee  _InitPieCtrl                          
0     0008370d  _EnableInterrupts                     
0     00083716  _memcpy                               
0     00083734  _Owner_Peripheral                     
0     0008373c  _Init_Peripheral                      
0     00083749  _Enable_Peripheral                    
0     00083750  _ddcopy                               
0     00083750  _dpcopy                               
0     00083750  _pdcopy                               
0     00083750  _ppcopy                               
0     0008376a  __args_main                           
0     00083783  LL$$AND                               
0     0008378b  LL$$OR                                
0     00083793  LL$$XOR                               
0     0008379b  _InitPieVectTable                     
0     000837ac  _Timer_init                           
0     000837bb  __register_unlock                     
0     000837bf  __register_lock                       
0     000837c3  __nop                                 
0     000837cc  _Enable_Comm                          
0     000837d1  __system_pre_init                     
0     000837d3  __system_post_cinit                   
0     00086000  _RamfuncsLoadStart                    
0     00086798  _RamfuncsLoadEnd                      
0     00090000  _PieVectTableInit                     
0     000901c0  _task_period                          
1     00000400  __stack                               
1     00000500  __STACK_END                           
1     00000b00  _AdcaResultRegs                       
1     00000b20  _AdcbResultRegs                       
1     00000b40  _AdccResultRegs                       
1     00000b60  _AdcdResultRegs                       
1     00000c00  _CpuTimer0Regs                        
1     00000c08  _CpuTimer1Regs                        
1     00000c10  _CpuTimer2Regs                        
1     00000ce0  _PieCtrlRegs                          
1     00000d00  _EmuKey                               
1     00000d00  _PieVectTable                         
1     00000d01  _EmuBMode                             
1     00001000  _DmaRegs                              
1     00001400  _Cla1Regs                             
1     00004000  _EPwm1Regs                            
1     00004100  _EPwm2Regs                            
1     00004200  _EPwm3Regs                            
1     00004300  _EPwm4Regs                            
1     00004400  _EPwm5Regs                            
1     00004500  _EPwm6Regs                            
1     00004600  _EPwm7Regs                            
1     00004700  _EPwm8Regs                            
1     00004800  _EPwm9Regs                            
1     00004900  _EPwm10Regs                           
1     00004a00  _EPwm11Regs                           
1     00004b00  _EPwm12Regs                           
1     00005000  _ECap1Regs                            
1     00005020  _ECap2Regs                            
1     00005040  _ECap3Regs                            
1     00005060  _ECap4Regs                            
1     00005080  _ECap5Regs                            
1     000050a0  _ECap6Regs                            
1     00005100  _EQep1Regs                            
1     00005140  _EQep2Regs                            
1     00005180  _EQep3Regs                            
1     00005c00  _DacaRegs                             
1     00005c10  _DacbRegs                             
1     00005c20  _DaccRegs                             
1     00005c80  _Cmpss1Regs                           
1     00005ca0  _Cmpss2Regs                           
1     00005cc0  _Cmpss3Regs                           
1     00005ce0  _Cmpss4Regs                           
1     00005d00  _Cmpss5Regs                           
1     00005d20  _Cmpss6Regs                           
1     00005d40  _Cmpss7Regs                           
1     00005d60  _Cmpss8Regs                           
1     00005e00  _Sdfm1Regs                            
1     00005e80  _Sdfm2Regs                            
1     00006000  _McbspaRegs                           
1     00006040  _McbspbRegs                           
1     00006100  _SpiaRegs                             
1     00006110  _SpibRegs                             
1     00006120  _SpicRegs                             
1     00006200  _UppRegs                              
1     00007000  _WdRegs                               
1     00007060  _NmiIntruptRegs                       
1     00007070  _XintRegs                             
1     00007200  _SciaRegs                             
1     00007210  _ScibRegs                             
1     00007220  _ScicRegs                             
1     00007230  _ScidRegs                             
1     00007300  _I2caRegs                             
1     00007340  _I2cbRegs                             
1     00007400  _AdcaRegs                             
1     00007480  _AdcbRegs                             
1     00007500  _AdccRegs                             
1     00007580  _AdcdRegs                             
1     00007900  _InputXbarRegs                        
1     00007920  _XbarRegs                             
1     00007940  _SyncSocRegs                          
1     00007980  _DmaClaSrcSelRegs                     
1     00007a00  _EPwmXbarRegs                         
1     00007a80  _OutputXbarRegs                       
1     00007c00  _GpioCtrlRegs                         
1     00007f00  _GpioDataRegs                         
1     0000a810  _control_states2                      
1     0000a840  _control_states1                      
1     0000a85a  _CpuTimer1                            
1     0000a862  _CpuTimer2                            
1     0000a86a  _CpuTimer0                            
1     0000a872  _DAC_PTR                              
1     0000a87a  ___TI_enable_exit_profile_output      
1     0000a87c  ___TI_cleanup_ptr                     
1     0000a87e  ___TI_dtors_ptr                       
1     0000a8a4  _meas_states1                         
1     0000a8c0  _meas_states2                         
1     0000a8d2  _enable                               
1     0000a8d3  _console_data                         
1     0000a8d6  _report_data                          
1     0000a8e2  __lock                                
1     0000a8e4  __unlock                              
1     0000c000  _c1_r_array                           
1     0000d000  _c1_r_w_array                         
1     00047000  _Emif1Regs                            
1     00047800  _Emif2Regs                            
1     00050000  _IpcRegs                              
1     00050024  _FlashPumpSemaphoreRegs               
1     0005d000  _DevCfgRegs                           
1     0005d180  _AnalogSubsysRegs                     
1     0005d200  _ClkCfgRegs                           
1     0005d300  _CpuSysRegs                           
1     0005e608  _RomPrefetchRegs                      
1     0005f000  _DcsmZ1Regs                           
1     0005f040  _DcsmZ2Regs                           
1     0005f070  _DcsmCommonRegs                       
1     0005f400  _MemCfgRegs                           
1     0005f480  _Emif1ConfigRegs                      
1     0005f4a0  _Emif2ConfigRegs                      
1     0005f4c0  _AccessProtectionRegs                 
1     0005f500  _MemoryErrorRegs                      
1     0005f540  _RomWaitStateRegs                     
1     0005f800  _Flash0CtrlRegs                       
1     0005fb00  _Flash0EccRegs                        
1     00078000  _DcsmZ1Otp                            
1     00078200  _DcsmZ2Otp                            
abs   00000100  __STACK_SIZE                          
abs   00000798  _RamfuncsLoadSize                     
abs   00000798  _RamfuncsRunSize                      
abs   ffffffff  .text                                 
abs   ffffffff  ___TI_pprof_out_hndl                  
abs   ffffffff  ___TI_prof_data_size                  
abs   ffffffff  ___TI_prof_data_start                 
abs   ffffffff  ___binit__                            
abs   ffffffff  ___c_args__                           
abs   ffffffff  ___etext__                            
abs   ffffffff  ___pinit__                            
abs   ffffffff  ___text__                             
abs   ffffffff  binit                                 
abs   ffffffff  etext                                 
abs   ffffffff  pinit                                 

[419 symbols]
