******************************************************************************
             TMS320C2000 Linker PC v15.12.3                    
******************************************************************************
>> Linked Wed Jan 09 16:27:14 2019

OUTPUT FILE NAME:   <Inverter_RS485_CPU2.out>
ENTRY POINT SYMBOL: "_c_int00"  address: 000828df


MEMORY CONFIGURATION

         name            origin    length      used     unused   attr    fill
----------------------  --------  ---------  --------  --------  ----  --------
PAGE 0:
  RAMM0                 00000080   00000380  00000000  00000380  RWIX
  RAMLS0                00008000   00000800  00000107  000006f9  RWIX
  RAMLS1                00008800   00000800  00000000  00000800  RWIX
  RAMLS2                00009000   00000800  00000000  00000800  RWIX
  RAMLS3                00009800   00000800  00000000  00000800  RWIX
  RAMLS4                0000a000   00000800  00000000  00000800  RWIX
  RAMD0                 0000b000   00000800  00000000  00000800  RWIX
  RAMGS14               0001a000   00001000  00000000  00001000  RWIX
  RAMGS15               0001b000   00001000  00000000  00001000  RWIX
  BEGIN                 00080000   00000002  00000002  00000000  RWIX
  FLASHA                00080002   00001ffe  00000000  00001ffe  RWIX
  FLASHB                00082000   00002000  00000d48  000012b8  RWIX
  FLASHC                00084000   00002000  00000000  00002000  RWIX
  FLASHD                00086000   00002000  00000107  00001ef9  RWIX
  FLASHE                00088000   00008000  00000000  00008000  RWIX
  FLASHF                00090000   00008000  00000000  00008000  RWIX
  FLASHG                00098000   00008000  00000000  00008000  RWIX
  FLASHH                000a0000   00008000  00000000  00008000  RWIX
  FLASHI                000a8000   00008000  00000000  00008000  RWIX
  FLASHJ                000b0000   00008000  00000000  00008000  RWIX
  FLASHK                000b8000   00002000  00000000  00002000  RWIX
  FLASHL                000ba000   00002000  00000000  00002000  RWIX
  FLASHM                000bc000   00002000  00000000  00002000  RWIX
  FLASHN                000be000   00002000  00000000  00002000  RWIX
  RESET                 003fffc0   00000002  00000000  00000002  RWIX

PAGE 1:
  BOOT_RSVD             00000002   0000007e  00000000  0000007e  RWIX
  RAMM1                 00000400   00000400  00000100  00000300  RWIX
  ADCA_RESULT           00000b00   00000020  00000018  00000008  RWIX
  ADCB_RESULT           00000b20   00000020  00000018  00000008  RWIX
  ADCC_RESULT           00000b40   00000020  00000018  00000008  RWIX
  ADCD_RESULT           00000b60   00000020  00000018  00000008  RWIX
  CPU_TIMER0            00000c00   00000008  00000008  00000000  RWIX
  CPU_TIMER1            00000c08   00000008  00000008  00000000  RWIX
  CPU_TIMER2            00000c10   00000008  00000008  00000000  RWIX
  PIE_CTRL              00000ce0   00000020  0000001a  00000006  RWIX
  PIE_VECT              00000d00   00000200  000001c0  00000040  RWIX
  DMA                   00001000   00000200  000000e0  00000120  RWIX
  CLA1                  00001400   00000040  0000003e  00000002  RWIX
  EPWM1                 00004000   00000100  00000100  00000000  RWIX
  EPWM2                 00004100   00000100  00000100  00000000  RWIX
  EPWM3                 00004200   00000100  00000100  00000000  RWIX
  EPWM4                 00004300   00000100  00000100  00000000  RWIX
  EPWM5                 00004400   00000100  00000100  00000000  RWIX
  EPWM6                 00004500   00000100  00000100  00000000  RWIX
  EPWM7                 00004600   00000100  00000100  00000000  RWIX
  EPWM8                 00004700   00000100  00000100  00000000  RWIX
  EPWM9                 00004800   00000100  00000100  00000000  RWIX
  EPWM10                00004900   00000100  00000100  00000000  RWIX
  EPWM11                00004a00   00000100  00000100  00000000  RWIX
  EPWM12                00004b00   00000100  00000100  00000000  RWIX
  ECAP1                 00005000   00000020  00000020  00000000  RWIX
  ECAP2                 00005020   00000020  00000020  00000000  RWIX
  ECAP3                 00005040   00000020  00000020  00000000  RWIX
  ECAP4                 00005060   00000020  00000020  00000000  RWIX
  ECAP5                 00005080   00000020  00000020  00000000  RWIX
  ECAP6                 000050a0   00000020  00000020  00000000  RWIX
  EQEP1                 00005100   00000040  00000022  0000001e  RWIX
  EQEP2                 00005140   00000040  00000022  0000001e  RWIX
  EQEP3                 00005180   00000040  00000022  0000001e  RWIX
  DACA                  00005c00   00000010  00000008  00000008  RWIX
  DACB                  00005c10   00000010  00000008  00000008  RWIX
  DACC                  00005c20   00000010  00000008  00000008  RWIX
  CMPSS1                00005c80   00000020  00000020  00000000  RWIX
  CMPSS2                00005ca0   00000020  00000020  00000000  RWIX
  CMPSS3                00005cc0   00000020  00000020  00000000  RWIX
  CMPSS4                00005ce0   00000020  00000020  00000000  RWIX
  CMPSS5                00005d00   00000020  00000020  00000000  RWIX
  CMPSS6                00005d20   00000020  00000020  00000000  RWIX
  CMPSS7                00005d40   00000020  00000020  00000000  RWIX
  CMPSS8                00005d60   00000020  00000020  00000000  RWIX
  SDFM1                 00005e00   00000080  00000080  00000000  RWIX
  SDFM2                 00005e80   00000080  00000080  00000000  RWIX
  MCBSPA                00006000   00000040  00000024  0000001c  RWIX
  MCBSPB                00006040   00000040  00000024  0000001c  RWIX
  SPIA                  00006100   00000010  00000010  00000000  RWIX
  SPIB                  00006110   00000010  00000010  00000000  RWIX
  SPIC                  00006120   00000010  00000010  00000000  RWIX
  SPID                  00006130   00000010  00000000  00000010  RWIX
  WD                    00007000   00000040  0000002b  00000015  RWIX
  NMIINTRUPT            00007060   00000010  00000007  00000009  RWIX
  XINT                  00007070   00000010  0000000b  00000005  RWIX
  SCIA                  00007200   00000010  00000010  00000000  RWIX
  SCIB                  00007210   00000010  00000010  00000000  RWIX
  SCIC                  00007220   00000010  00000010  00000000  RWIX
  SCID                  00007230   00000010  00000010  00000000  RWIX
  I2CA                  00007300   00000040  00000022  0000001e  RWIX
  I2CB                  00007340   00000040  00000022  0000001e  RWIX
  ADCA                  00007400   00000080  00000080  00000000  RWIX
  ADCB                  00007480   00000080  00000080  00000000  RWIX
  ADCC                  00007500   00000080  00000080  00000000  RWIX
  ADCD                  00007580   00000080  00000080  00000000  RWIX
  DMACLASRCSEL          00007980   00000040  0000001a  00000026  RWIX
  GPIOCTRL              00007c00   00000180  00000000  00000180  RWIX
  GPIODAT               00007f00   00000030  00000030  00000000  RWIX
  RAMLS5                0000a800   00000800  00000038  000007c8  RWIX
  RAMD1                 0000b800   00000800  00000000  00000800  RWIX
  RAMGS0                0000c000   00001000  00000100  00000f00  RWIX
  RAMGS1                0000d000   00001000  00000100  00000f00  RWIX
  CPU2TOCPU1RAM         0003f800   00000400  00000000  00000400  RWIX
  CPU1TOCPU2RAM         0003fc00   00000400  00000000  00000400  RWIX
  EMIF1                 00047000   00000800  00000070  00000790  RWIX
  EMIF2                 00047800   00000800  00000070  00000790  RWIX
  IPC                   00050000   00000024  00000024  00000000  RWIX
  FLASHPUMPSEMAPHORE    00050024   00000002  00000002  00000000  RWIX
  CLK_CFG               0005d200   00000100  00000032  000000ce  RWIX
  CPU_SYS               0005d300   00000100  00000082  0000007e  RWIX
  DCSM_Z1               0005f000   00000030  00000024  0000000c  RWIX
  DCSM_Z2               0005f040   00000030  00000024  0000000c  RWIX
  DCSM_COMMON           0005f070   00000010  00000008  00000008  RWIX
  MEMCFG                0005f400   00000080  00000080  00000000  RWIX
  EMIF1CONFIG           0005f480   00000020  00000020  00000000  RWIX
  ACCESSPROTECTION      0005f4c0   00000040  00000040  00000000  RWIX
  MEMORYERROR           0005f500   00000040  00000040  00000000  RWIX
  FLASH0_CTRL           0005f800   00000300  00000182  0000017e  RWIX
  FLASH0_ECC            0005fb00   00000040  00000028  00000018  RWIX
  DCSM_Z1_OTP           00078000   00000020  00000020  00000000  RWIX
  DCSM_Z2_OTP           00078200   00000020  00000020  00000000  RWIX


SECTION ALLOCATION MAP

 output                                  attributes/
section   page    origin      length       input sections
--------  ----  ----------  ----------   ----------------
codestart 
*          0    00080000    00000002     
                  00080000    00000002     F2837xD_CodeStartBranch.obj (codestart)

.text      0    00082000    00000b4d     
                  00082000    00000585     F2837xD_DefaultISR.obj (.text:retain)
                  00082585    00000297     F2837xD_SysCtrl.obj (.text)
                  0008281c    00000065     RS485.obj (.text)
                  00082881    0000005e     F2837xD_CpuTimers.obj (.text)
                  000828df    00000056     rts2800_fpu32.lib : boot.obj (.text)
                  00082935    00000046                       : cpy_tbl.obj (.text)
                  0008297b    00000037     SCI.obj (.text)
                  000829b2    00000035     ISR.obj (.text)
                  000829e7    00000034     main_CPU2.obj (.text)
                  00082a1b    00000033     IPC.obj (.text)
                  00082a4e    00000029     rts2800_fpu32.lib : exit.obj (.text)
                  00082a77    00000028     F2837xD_PieCtrl.obj (.text)
                  00082a9f    0000001e     rts2800_fpu32.lib : memcpy.obj (.text)
                  00082abd    0000001a                       : cpy_utils.obj (.text)
                  00082ad7    00000019                       : args_main.obj (.text)
                  00082af0    00000018                       : ll_aox.obj (.text)
                  00082b08    00000011     F2837xD_PieVect.obj (.text)
                  00082b19    0000000f     Timer.obj (.text)
                  00082b28    0000000a     Peripheral.obj (.text)
                  00082b32    00000009     rts2800_fpu32.lib : _lock.obj (.text)
                  00082b3b    00000008     F2837xD_CodeStartBranch.obj (.text)
                  00082b43    00000007     Comm.obj (.text)
                  00082b4a    00000002     rts2800_fpu32.lib : pre_init.obj (.text)
                  00082b4c    00000001                       : startup.obj (.text)

.econst    0    00082b50    000001c5     
                  00082b50    000001c0     F2837xD_PieVect.obj (.econst:_PieVectTableInit)
                  00082d10    00000005     main_CPU2.obj (.econst:_task_period)

.cinit     0    00082d18    00000036     
                  00082d18    00000014     RS485.obj (.cinit)
                  00082d2c    0000000e     rts2800_fpu32.lib : exit.obj (.cinit)
                  00082d3a    00000008     IPC.obj (.cinit)
                  00082d42    00000005     rts2800_fpu32.lib : _lock.obj (.cinit:__lock)
                  00082d47    00000005                       : _lock.obj (.cinit:__unlock)
                  00082d4c    00000002     --HOLE-- [fill = 0]

.pinit     0    00082000    00000000     UNINITIALIZED

ramfuncs   0    00086000    00000107     RUN ADDR = 00008000
                  00086000    000000bb     main_CPU2.obj (ramfuncs:retain)
                  000860bb    00000048     F2837xD_SysCtrl.obj (ramfuncs)
                  00086103    00000004     F2837xD_usDelay.obj (ramfuncs)

.stack     1    00000400    00000100     UNINITIALIZED
                  00000400    00000100     --HOLE--

.ebss      1    0000a800    00000038     UNINITIALIZED
                  0000a800    00000018     F2837xD_CpuTimers.obj (.ebss)
                  0000a818    0000000d     RS485.obj (.ebss)
                  0000a825    00000009     IPC.obj (.ebss)
                  0000a82e    00000006     rts2800_fpu32.lib : exit.obj (.ebss)
                  0000a834    00000002                       : _lock.obj (.ebss:__lock)
                  0000a836    00000002                       : _lock.obj (.ebss:__unlock)

.reset     0    003fffc0    00000002     DSECT
                  003fffc0    00000002     rts2800_fpu32.lib : boot.obj (.reset)

SHARERAMGS0 
*          1    0000c000    00000100     UNINITIALIZED
                  0000c000    00000100     main_CPU2.obj (SHARERAMGS0)

SHARERAMGS1 
*          1    0000d000    00000100     UNINITIALIZED
                  0000d000    00000100     main_CPU2.obj (SHARERAMGS1)

GETBUFFER 
*          0    0003fc00    00000000     DSECT

GETWRITEIDX 
*          0    0003fc00    00000000     DSECT

PUTREADIDX 
*          0    0003fc00    00000000     DSECT

AdcaResultFile 
*          1    00000b00    00000018     UNINITIALIZED
                  00000b00    00000018     F2837xD_GlobalVariableDefs.obj (AdcaResultFile)

AdcbResultFile 
*          1    00000b20    00000018     UNINITIALIZED
                  00000b20    00000018     F2837xD_GlobalVariableDefs.obj (AdcbResultFile)

AdccResultFile 
*          1    00000b40    00000018     UNINITIALIZED
                  00000b40    00000018     F2837xD_GlobalVariableDefs.obj (AdccResultFile)

AdcdResultFile 
*          1    00000b60    00000018     UNINITIALIZED
                  00000b60    00000018     F2837xD_GlobalVariableDefs.obj (AdcdResultFile)

CpuTimer0RegsFile 
*          1    00000c00    00000008     UNINITIALIZED
                  00000c00    00000008     F2837xD_GlobalVariableDefs.obj (CpuTimer0RegsFile)

CpuTimer1RegsFile 
*          1    00000c08    00000008     UNINITIALIZED
                  00000c08    00000008     F2837xD_GlobalVariableDefs.obj (CpuTimer1RegsFile)

CpuTimer2RegsFile 
*          1    00000c10    00000008     UNINITIALIZED
                  00000c10    00000008     F2837xD_GlobalVariableDefs.obj (CpuTimer2RegsFile)

PieCtrlRegsFile 
*          1    00000ce0    0000001a     UNINITIALIZED
                  00000ce0    0000001a     F2837xD_GlobalVariableDefs.obj (PieCtrlRegsFile)

PieVectTableFile 
*          1    00000d00    000001c0     UNINITIALIZED
                  00000d00    000001c0     F2837xD_GlobalVariableDefs.obj (PieVectTableFile)

EmuKeyVar 
*          1    00000d00    00000001     UNINITIALIZED
                  00000d00    00000001     F2837xD_GlobalVariableDefs.obj (EmuKeyVar)

EmuBModeVar 
*          1    00000d01    00000001     UNINITIALIZED
                  00000d01    00000001     F2837xD_GlobalVariableDefs.obj (EmuBModeVar)

FlashCallbackVar 
*          1    00000d02    00000000     UNINITIALIZED

FlashScalingVar 
*          1    00000d02    00000000     UNINITIALIZED

DmaRegsFile 
*          1    00001000    000000e0     UNINITIALIZED
                  00001000    000000e0     F2837xD_GlobalVariableDefs.obj (DmaRegsFile)

Cla1RegsFile 
*          1    00001400    0000003e     UNINITIALIZED
                  00001400    0000003e     F2837xD_GlobalVariableDefs.obj (Cla1RegsFile)

EPwm1RegsFile 
*          1    00004000    00000100     UNINITIALIZED
                  00004000    00000100     F2837xD_GlobalVariableDefs.obj (EPwm1RegsFile)

EPwm2RegsFile 
*          1    00004100    00000100     UNINITIALIZED
                  00004100    00000100     F2837xD_GlobalVariableDefs.obj (EPwm2RegsFile)

EPwm3RegsFile 
*          1    00004200    00000100     UNINITIALIZED
                  00004200    00000100     F2837xD_GlobalVariableDefs.obj (EPwm3RegsFile)

EPwm4RegsFile 
*          1    00004300    00000100     UNINITIALIZED
                  00004300    00000100     F2837xD_GlobalVariableDefs.obj (EPwm4RegsFile)

EPwm5RegsFile 
*          1    00004400    00000100     UNINITIALIZED
                  00004400    00000100     F2837xD_GlobalVariableDefs.obj (EPwm5RegsFile)

EPwm6RegsFile 
*          1    00004500    00000100     UNINITIALIZED
                  00004500    00000100     F2837xD_GlobalVariableDefs.obj (EPwm6RegsFile)

EPwm7RegsFile 
*          1    00004600    00000100     UNINITIALIZED
                  00004600    00000100     F2837xD_GlobalVariableDefs.obj (EPwm7RegsFile)

EPwm8RegsFile 
*          1    00004700    00000100     UNINITIALIZED
                  00004700    00000100     F2837xD_GlobalVariableDefs.obj (EPwm8RegsFile)

EPwm9RegsFile 
*          1    00004800    00000100     UNINITIALIZED
                  00004800    00000100     F2837xD_GlobalVariableDefs.obj (EPwm9RegsFile)

EPwm10RegsFile 
*          1    00004900    00000100     UNINITIALIZED
                  00004900    00000100     F2837xD_GlobalVariableDefs.obj (EPwm10RegsFile)

EPwm11RegsFile 
*          1    00004a00    00000100     UNINITIALIZED
                  00004a00    00000100     F2837xD_GlobalVariableDefs.obj (EPwm11RegsFile)

EPwm12RegsFile 
*          1    00004b00    00000100     UNINITIALIZED
                  00004b00    00000100     F2837xD_GlobalVariableDefs.obj (EPwm12RegsFile)

ECap1RegsFile 
*          1    00005000    00000020     UNINITIALIZED
                  00005000    00000020     F2837xD_GlobalVariableDefs.obj (ECap1RegsFile)

ECap2RegsFile 
*          1    00005020    00000020     UNINITIALIZED
                  00005020    00000020     F2837xD_GlobalVariableDefs.obj (ECap2RegsFile)

ECap3RegsFile 
*          1    00005040    00000020     UNINITIALIZED
                  00005040    00000020     F2837xD_GlobalVariableDefs.obj (ECap3RegsFile)

ECap4RegsFile 
*          1    00005060    00000020     UNINITIALIZED
                  00005060    00000020     F2837xD_GlobalVariableDefs.obj (ECap4RegsFile)

ECap5RegsFile 
*          1    00005080    00000020     UNINITIALIZED
                  00005080    00000020     F2837xD_GlobalVariableDefs.obj (ECap5RegsFile)

ECap6RegsFile 
*          1    000050a0    00000020     UNINITIALIZED
                  000050a0    00000020     F2837xD_GlobalVariableDefs.obj (ECap6RegsFile)

EQep1RegsFile 
*          1    00005100    00000022     UNINITIALIZED
                  00005100    00000022     F2837xD_GlobalVariableDefs.obj (EQep1RegsFile)

EQep2RegsFile 
*          1    00005140    00000022     UNINITIALIZED
                  00005140    00000022     F2837xD_GlobalVariableDefs.obj (EQep2RegsFile)

EQep3RegsFile 
*          1    00005180    00000022     UNINITIALIZED
                  00005180    00000022     F2837xD_GlobalVariableDefs.obj (EQep3RegsFile)

DacaRegsFile 
*          1    00005c00    00000008     UNINITIALIZED
                  00005c00    00000008     F2837xD_GlobalVariableDefs.obj (DacaRegsFile)

DacbRegsFile 
*          1    00005c10    00000008     UNINITIALIZED
                  00005c10    00000008     F2837xD_GlobalVariableDefs.obj (DacbRegsFile)

DaccRegsFile 
*          1    00005c20    00000008     UNINITIALIZED
                  00005c20    00000008     F2837xD_GlobalVariableDefs.obj (DaccRegsFile)

Cmpss1RegsFile 
*          1    00005c80    00000020     UNINITIALIZED
                  00005c80    00000020     F2837xD_GlobalVariableDefs.obj (Cmpss1RegsFile)

Cmpss2RegsFile 
*          1    00005ca0    00000020     UNINITIALIZED
                  00005ca0    00000020     F2837xD_GlobalVariableDefs.obj (Cmpss2RegsFile)

Cmpss3RegsFile 
*          1    00005cc0    00000020     UNINITIALIZED
                  00005cc0    00000020     F2837xD_GlobalVariableDefs.obj (Cmpss3RegsFile)

Cmpss4RegsFile 
*          1    00005ce0    00000020     UNINITIALIZED
                  00005ce0    00000020     F2837xD_GlobalVariableDefs.obj (Cmpss4RegsFile)

Cmpss5RegsFile 
*          1    00005d00    00000020     UNINITIALIZED
                  00005d00    00000020     F2837xD_GlobalVariableDefs.obj (Cmpss5RegsFile)

Cmpss6RegsFile 
*          1    00005d20    00000020     UNINITIALIZED
                  00005d20    00000020     F2837xD_GlobalVariableDefs.obj (Cmpss6RegsFile)

Cmpss7RegsFile 
*          1    00005d40    00000020     UNINITIALIZED
                  00005d40    00000020     F2837xD_GlobalVariableDefs.obj (Cmpss7RegsFile)

Cmpss8RegsFile 
*          1    00005d60    00000020     UNINITIALIZED
                  00005d60    00000020     F2837xD_GlobalVariableDefs.obj (Cmpss8RegsFile)

Sdfm1RegsFile 
*          1    00005e00    00000080     UNINITIALIZED
                  00005e00    00000080     F2837xD_GlobalVariableDefs.obj (Sdfm1RegsFile)

Sdfm2RegsFile 
*          1    00005e80    00000080     UNINITIALIZED
                  00005e80    00000080     F2837xD_GlobalVariableDefs.obj (Sdfm2RegsFile)

McbspaRegsFile 
*          1    00006000    00000024     UNINITIALIZED
                  00006000    00000024     F2837xD_GlobalVariableDefs.obj (McbspaRegsFile)

McbspbRegsFile 
*          1    00006040    00000024     UNINITIALIZED
                  00006040    00000024     F2837xD_GlobalVariableDefs.obj (McbspbRegsFile)

SpiaRegsFile 
*          1    00006100    00000010     UNINITIALIZED
                  00006100    00000010     F2837xD_GlobalVariableDefs.obj (SpiaRegsFile)

SpibRegsFile 
*          1    00006110    00000010     UNINITIALIZED
                  00006110    00000010     F2837xD_GlobalVariableDefs.obj (SpibRegsFile)

SpicRegsFile 
*          1    00006120    00000010     UNINITIALIZED
                  00006120    00000010     F2837xD_GlobalVariableDefs.obj (SpicRegsFile)

WdRegsFile 
*          1    00007000    0000002b     UNINITIALIZED
                  00007000    0000002b     F2837xD_GlobalVariableDefs.obj (WdRegsFile)

NmiIntruptRegsFile 
*          1    00007060    00000007     UNINITIALIZED
                  00007060    00000007     F2837xD_GlobalVariableDefs.obj (NmiIntruptRegsFile)

XintRegsFile 
*          1    00007070    0000000b     UNINITIALIZED
                  00007070    0000000b     F2837xD_GlobalVariableDefs.obj (XintRegsFile)

SciaRegsFile 
*          1    00007200    00000010     UNINITIALIZED
                  00007200    00000010     F2837xD_GlobalVariableDefs.obj (SciaRegsFile)

ScibRegsFile 
*          1    00007210    00000010     UNINITIALIZED
                  00007210    00000010     F2837xD_GlobalVariableDefs.obj (ScibRegsFile)

ScicRegsFile 
*          1    00007220    00000010     UNINITIALIZED
                  00007220    00000010     F2837xD_GlobalVariableDefs.obj (ScicRegsFile)

ScidRegsFile 
*          1    00007230    00000010     UNINITIALIZED
                  00007230    00000010     F2837xD_GlobalVariableDefs.obj (ScidRegsFile)

I2caRegsFile 
*          1    00007300    00000022     UNINITIALIZED
                  00007300    00000022     F2837xD_GlobalVariableDefs.obj (I2caRegsFile)

I2cbRegsFile 
*          1    00007340    00000022     UNINITIALIZED
                  00007340    00000022     F2837xD_GlobalVariableDefs.obj (I2cbRegsFile)

AdcaRegsFile 
*          1    00007400    00000080     UNINITIALIZED
                  00007400    00000080     F2837xD_GlobalVariableDefs.obj (AdcaRegsFile)

AdcbRegsFile 
*          1    00007480    00000080     UNINITIALIZED
                  00007480    00000080     F2837xD_GlobalVariableDefs.obj (AdcbRegsFile)

AdccRegsFile 
*          1    00007500    00000080     UNINITIALIZED
                  00007500    00000080     F2837xD_GlobalVariableDefs.obj (AdccRegsFile)

AdcdRegsFile 
*          1    00007580    00000080     UNINITIALIZED
                  00007580    00000080     F2837xD_GlobalVariableDefs.obj (AdcdRegsFile)

Cla1SoftIntRegsFile 
*          1    00000ce0    00000004     DSECT
                  00000ce0    00000004     F2837xD_GlobalVariableDefs.obj (Cla1SoftIntRegsFile)

DmaClaSrcSelRegsFile 
*          1    00007980    0000001a     UNINITIALIZED
                  00007980    0000001a     F2837xD_GlobalVariableDefs.obj (DmaClaSrcSelRegsFile)

GpioDataRegsFile 
*          1    00007f00    00000030     UNINITIALIZED
                  00007f00    00000030     F2837xD_GlobalVariableDefs.obj (GpioDataRegsFile)

Emif1RegsFile 
*          1    00047000    00000070     UNINITIALIZED
                  00047000    00000070     F2837xD_GlobalVariableDefs.obj (Emif1RegsFile)

Emif2RegsFile 
*          1    00047800    00000070     UNINITIALIZED
                  00047800    00000070     F2837xD_GlobalVariableDefs.obj (Emif2RegsFile)

IpcRegsFile 
*          1    00050000    00000024     UNINITIALIZED
                  00050000    00000024     F2837xD_GlobalVariableDefs.obj (IpcRegsFile)

FlashPumpSemaphoreRegsFile 
*          1    00050024    00000002     UNINITIALIZED
                  00050024    00000002     F2837xD_GlobalVariableDefs.obj (FlashPumpSemaphoreRegsFile)

ClkCfgRegsFile 
*          1    0005d200    00000032     UNINITIALIZED
                  0005d200    00000032     F2837xD_GlobalVariableDefs.obj (ClkCfgRegsFile)

CpuSysRegsFile 
*          1    0005d300    00000082     UNINITIALIZED
                  0005d300    00000082     F2837xD_GlobalVariableDefs.obj (CpuSysRegsFile)

DcsmZ1RegsFile 
*          1    0005f000    00000024     UNINITIALIZED
                  0005f000    00000024     F2837xD_GlobalVariableDefs.obj (DcsmZ1RegsFile)

DcsmZ2RegsFile 
*          1    0005f040    00000024     UNINITIALIZED
                  0005f040    00000024     F2837xD_GlobalVariableDefs.obj (DcsmZ2RegsFile)

DcsmCommonRegsFile 
*          1    0005f070    00000008     UNINITIALIZED
                  0005f070    00000008     F2837xD_GlobalVariableDefs.obj (DcsmCommonRegsFile)

MemCfgRegsFile 
*          1    0005f400    00000080     UNINITIALIZED
                  0005f400    00000080     F2837xD_GlobalVariableDefs.obj (MemCfgRegsFile)

Emif1ConfigRegsFile 
*          1    0005f480    00000020     UNINITIALIZED
                  0005f480    00000020     F2837xD_GlobalVariableDefs.obj (Emif1ConfigRegsFile)

AccessProtectionRegsFile 
*          1    0005f4c0    00000040     UNINITIALIZED
                  0005f4c0    00000040     F2837xD_GlobalVariableDefs.obj (AccessProtectionRegsFile)

MemoryErrorRegsFile 
*          1    0005f500    00000040     UNINITIALIZED
                  0005f500    00000040     F2837xD_GlobalVariableDefs.obj (MemoryErrorRegsFile)

Flash0CtrlRegsFile 
*          1    0005f800    00000182     UNINITIALIZED
                  0005f800    00000182     F2837xD_GlobalVariableDefs.obj (Flash0CtrlRegsFile)

Flash0EccRegsFile 
*          1    0005fb00    00000028     UNINITIALIZED
                  0005fb00    00000028     F2837xD_GlobalVariableDefs.obj (Flash0EccRegsFile)

DcsmZ1OtpFile 
*          1    00078000    00000020     NOLOAD SECTION
                  00078000    00000020     F2837xD_GlobalVariableDefs.obj (DcsmZ1OtpFile)

DcsmZ2OtpFile 
*          1    00078200    00000020     NOLOAD SECTION
                  00078200    00000020     F2837xD_GlobalVariableDefs.obj (DcsmZ2OtpFile)

MODULE SUMMARY

       Module                           code   ro data   rw data
       ------                           ----   -------   -------
    .\
       F2837xD_GlobalVariableDefs.obj   0      0         6983   
       F2837xD_DefaultISR.obj           1413   0         0      
       main_CPU2.obj                    426    0         517    
       F2837xD_SysCtrl.obj              807    0         0      
       F2837xD_PieVect.obj              17     0         448    
       F2837xD_CpuTimers.obj            94     0         24     
       F2837xD_PieCtrl.obj              40     0         0      
       F2837xD_CodeStartBranch.obj      10     0         0      
       F2837xD_usDelay.obj              8      0         0      
    +--+--------------------------------+------+---------+---------+
       Total:                           2815   0         7972   
                                                                
    .\Comm\
       RS485.obj                        101    0         33     
       IPC.obj                          51     0         17     
       Comm.obj                         7      0         0      
    +--+--------------------------------+------+---------+---------+
       Total:                           159    0         50     
                                                                
    .\Peripheral\
       SCI.obj                          55     0         0      
       ISR.obj                          53     0         0      
       Timer.obj                        15     0         0      
       Peripheral.obj                   10     0         0      
    +--+--------------------------------+------+---------+---------+
       Total:                           133    0         0      
                                                                
    C:/ti/ccsv6/tools/compiler/c2000_15.12.3.LTS/lib/rts2800_fpu32.lib
       boot.obj                         86     0         0      
       cpy_tbl.obj                      70     0         0      
       exit.obj                         41     0         20     
       memcpy.obj                       30     0         0      
       cpy_utils.obj                    26     0         0      
       args_main.obj                    25     0         0      
       ll_aox.obj                       24     0         0      
       _lock.obj                        9      0         14     
       pre_init.obj                     2      0         0      
       startup.obj                      1      0         0      
    +--+--------------------------------+------+---------+---------+
       Total:                           314    0         34     
                                                                
       Stack:                           0      0         256    
    +--+--------------------------------+------+---------+---------+
       Grand Total:                     3421   0         8312   


GLOBAL DATA SYMBOLS: SORTED BY DATA PAGE

address     data page           name
--------    ----------------    ----
00000400      10 (00000400)     __stack

00000b00      2c (00000b00)     _AdcaResultRegs
00000b20      2c (00000b00)     _AdcbResultRegs

00000b40      2d (00000b40)     _AdccResultRegs
00000b60      2d (00000b40)     _AdcdResultRegs

00000c00      30 (00000c00)     _CpuTimer0Regs
00000c08      30 (00000c00)     _CpuTimer1Regs
00000c10      30 (00000c00)     _CpuTimer2Regs

00000ce0      33 (00000cc0)     _Cla1SoftIntRegs
00000ce0      33 (00000cc0)     _PieCtrlRegs

00000d00      34 (00000d00)     _EmuKey
00000d00      34 (00000d00)     _PieVectTable
00000d01      34 (00000d00)     _EmuBMode

00001000      40 (00001000)     _DmaRegs

00001400      50 (00001400)     _Cla1Regs

00004000     100 (00004000)     _EPwm1Regs

00004100     104 (00004100)     _EPwm2Regs

00004200     108 (00004200)     _EPwm3Regs

00004300     10c (00004300)     _EPwm4Regs

00004400     110 (00004400)     _EPwm5Regs

00004500     114 (00004500)     _EPwm6Regs

00004600     118 (00004600)     _EPwm7Regs

00004700     11c (00004700)     _EPwm8Regs

00004800     120 (00004800)     _EPwm9Regs

00004900     124 (00004900)     _EPwm10Regs

00004a00     128 (00004a00)     _EPwm11Regs

00004b00     12c (00004b00)     _EPwm12Regs

00005000     140 (00005000)     _ECap1Regs
00005020     140 (00005000)     _ECap2Regs

00005040     141 (00005040)     _ECap3Regs
00005060     141 (00005040)     _ECap4Regs

00005080     142 (00005080)     _ECap5Regs
000050a0     142 (00005080)     _ECap6Regs

00005100     144 (00005100)     _EQep1Regs

00005140     145 (00005140)     _EQep2Regs

00005180     146 (00005180)     _EQep3Regs

00005c00     170 (00005c00)     _DacaRegs
00005c10     170 (00005c00)     _DacbRegs
00005c20     170 (00005c00)     _DaccRegs

00005c80     172 (00005c80)     _Cmpss1Regs
00005ca0     172 (00005c80)     _Cmpss2Regs

00005cc0     173 (00005cc0)     _Cmpss3Regs
00005ce0     173 (00005cc0)     _Cmpss4Regs

00005d00     174 (00005d00)     _Cmpss5Regs
00005d20     174 (00005d00)     _Cmpss6Regs

00005d40     175 (00005d40)     _Cmpss7Regs
00005d60     175 (00005d40)     _Cmpss8Regs

00005e00     178 (00005e00)     _Sdfm1Regs

00005e80     17a (00005e80)     _Sdfm2Regs

00006000     180 (00006000)     _McbspaRegs

00006040     181 (00006040)     _McbspbRegs

00006100     184 (00006100)     _SpiaRegs
00006110     184 (00006100)     _SpibRegs
00006120     184 (00006100)     _SpicRegs

00007000     1c0 (00007000)     _WdRegs

00007060     1c1 (00007040)     _NmiIntruptRegs
00007070     1c1 (00007040)     _XintRegs

00007200     1c8 (00007200)     _SciaRegs
00007210     1c8 (00007200)     _ScibRegs
00007220     1c8 (00007200)     _ScicRegs
00007230     1c8 (00007200)     _ScidRegs

00007300     1cc (00007300)     _I2caRegs

00007340     1cd (00007340)     _I2cbRegs

00007400     1d0 (00007400)     _AdcaRegs

00007480     1d2 (00007480)     _AdcbRegs

00007500     1d4 (00007500)     _AdccRegs

00007580     1d6 (00007580)     _AdcdRegs

00007980     1e6 (00007980)     _DmaClaSrcSelRegs

00007f00     1fc (00007f00)     _GpioDataRegs

0000a800     2a0 (0000a800)     _CpuTimer1
0000a808     2a0 (0000a800)     _CpuTimer2
0000a810     2a0 (0000a800)     _CpuTimer0
0000a818     2a0 (0000a800)     _RX_complete
0000a819     2a0 (0000a800)     _RX_cast
0000a81a     2a0 (0000a800)     _RX_ctr
0000a81b     2a0 (0000a800)     _RS485_tx
0000a81f     2a0 (0000a800)     _RS485_rx
0000a825     2a0 (0000a800)     _IPC_rx
0000a829     2a0 (0000a800)     _IPC_tx
0000a82e     2a0 (0000a800)     ___TI_enable_exit_profile_output
0000a830     2a0 (0000a800)     ___TI_cleanup_ptr
0000a832     2a0 (0000a800)     ___TI_dtors_ptr
0000a834     2a0 (0000a800)     __lock
0000a836     2a0 (0000a800)     __unlock

0000c000     300 (0000c000)     _c2_r_w_array

0000d000     340 (0000d000)     _c2_r_array

00047000    11c0 (00047000)     _Emif1Regs

00047800    11e0 (00047800)     _Emif2Regs

00050000    1400 (00050000)     _IpcRegs
00050024    1400 (00050000)     _FlashPumpSemaphoreRegs

0005d200    1748 (0005d200)     _ClkCfgRegs

0005d300    174c (0005d300)     _CpuSysRegs

0005f000    17c0 (0005f000)     _DcsmZ1Regs

0005f040    17c1 (0005f040)     _DcsmZ2Regs
0005f070    17c1 (0005f040)     _DcsmCommonRegs

0005f400    17d0 (0005f400)     _MemCfgRegs

0005f480    17d2 (0005f480)     _Emif1ConfigRegs

0005f4c0    17d3 (0005f4c0)     _AccessProtectionRegs

0005f500    17d4 (0005f500)     _MemoryErrorRegs

0005f800    17e0 (0005f800)     _Flash0CtrlRegs

0005fb00    17ec (0005fb00)     _Flash0EccRegs

00078000    1e00 (00078000)     _DcsmZ1Otp

00078200    1e08 (00078200)     _DcsmZ2Otp

00082b50    20ad (00082b40)     _PieVectTableInit

00082d10    20b4 (00082d00)     _task_period


GLOBAL SYMBOLS: SORTED ALPHABETICALLY BY Name 

page  address   name                            
----  -------   ----                            
0     00082000  .text                           
0     00082a4e  C$$EXIT                         
0     00082af0  LL$$AND                         
0     00082af8  LL$$OR                          
0     00082b00  LL$$XOR                         
0     0008257b  _ADCA1_ISR                      
0     00082571  _ADCA2_ISR                      
0     00082567  _ADCA3_ISR                      
0     0008255d  _ADCA4_ISR                      
0     00082553  _ADCA_EVT_ISR                   
0     00082549  _ADCB1_ISR                      
0     0008253f  _ADCB2_ISR                      
0     00082535  _ADCB3_ISR                      
0     0008252b  _ADCB4_ISR                      
0     00082521  _ADCB_EVT_ISR                   
0     00082517  _ADCC1_ISR                      
0     0008250d  _ADCC2_ISR                      
0     00082503  _ADCC3_ISR                      
0     000824f9  _ADCC4_ISR                      
0     000824ef  _ADCC_EVT_ISR                   
0     000824e5  _ADCD1_ISR                      
0     000824db  _ADCD2_ISR                      
0     000824d1  _ADCD3_ISR                      
0     000824c7  _ADCD4_ISR                      
0     000824bd  _ADCD_EVT_ISR                   
0     000824b3  _AUX_PLL_SLIP_ISR               
1     0005f4c0  _AccessProtectionRegs           
1     00007400  _AdcaRegs                       
1     00000b00  _AdcaResultRegs                 
1     00007480  _AdcbRegs                       
1     00000b20  _AdcbResultRegs                 
1     00007500  _AdccRegs                       
1     00000b40  _AdccResultRegs                 
1     00007580  _AdcdRegs                       
1     00000b60  _AdcdResultRegs                 
0     00082713  _AuxAuxClkSel                   
0     0008272e  _AuxIntOsc2Sel                  
0     0008271d  _AuxXtalOscSel                  
0     000824a9  _CANA0_ISR                      
0     0008249f  _CANA1_ISR                      
0     00082495  _CANB0_ISR                      
0     0008248b  _CANB1_ISR                      
0     00082481  _CLA1_1_ISR                     
0     00082477  _CLA1_2_ISR                     
0     0008246d  _CLA1_3_ISR                     
0     00082463  _CLA1_4_ISR                     
0     00082459  _CLA1_5_ISR                     
0     0008244f  _CLA1_6_ISR                     
0     00082445  _CLA1_7_ISR                     
0     0008243b  _CLA1_8_ISR                     
0     00082431  _CLA_OVERFLOW_ISR               
0     00082427  _CLA_UNDERFLOW_ISR              
1     00001400  _Cla1Regs                       
0     00000ce0  _Cla1SoftIntRegs                
1     0005d200  _ClkCfgRegs                     
1     00005c80  _Cmpss1Regs                     
1     00005ca0  _Cmpss2Regs                     
1     00005cc0  _Cmpss3Regs                     
1     00005ce0  _Cmpss4Regs                     
1     00005d00  _Cmpss5Regs                     
1     00005d20  _Cmpss6Regs                     
1     00005d40  _Cmpss7Regs                     
1     00005d60  _Cmpss8Regs                     
0     000828bc  _ConfigCpuTimer                 
1     0005d300  _CpuSysRegs                     
1     0000a810  _CpuTimer0                      
1     00000c00  _CpuTimer0Regs                  
1     0000a800  _CpuTimer1                      
1     00000c08  _CpuTimer1Regs                  
1     0000a808  _CpuTimer2                      
1     00000c10  _CpuTimer2Regs                  
0     000827fb  _CsmUnlock                      
0     0008241d  _DATALOG_ISR                    
0     00082413  _DMA_CH1_ISR                    
0     00082409  _DMA_CH2_ISR                    
0     000823ff  _DMA_CH3_ISR                    
0     000823f5  _DMA_CH4_ISR                    
0     000823eb  _DMA_CH5_ISR                    
0     000823e1  _DMA_CH6_ISR                    
1     00005c00  _DacaRegs                       
1     00005c10  _DacbRegs                       
1     00005c20  _DaccRegs                       
1     0005f070  _DcsmCommonRegs                 
1     00078000  _DcsmZ1Otp                      
1     0005f000  _DcsmZ1Regs                     
1     00078200  _DcsmZ2Otp                      
1     0005f040  _DcsmZ2Regs                     
0     0008265e  _DisableDog                     
0     000827de  _DisablePeripheralClocks        
1     00007980  _DmaClaSrcSelRegs               
1     00001000  _DmaRegs                        
0     000823d7  _ECAP1_ISR                      
0     000823cd  _ECAP2_ISR                      
0     000823c3  _ECAP3_ISR                      
0     000823b9  _ECAP4_ISR                      
0     000823af  _ECAP5_ISR                      
0     000823a5  _ECAP6_ISR                      
1     00005000  _ECap1Regs                      
1     00005020  _ECap2Regs                      
1     00005040  _ECap3Regs                      
1     00005060  _ECap4Regs                      
1     00005080  _ECap5Regs                      
1     000050a0  _ECap6Regs                      
0     0008239b  _EMIF_ERROR_ISR                 
0     0008238e  _EMPTY_ISR                      
0     00082384  _EMU_ISR                        
0     0008237a  _EPWM10_ISR                     
0     00082370  _EPWM10_TZ_ISR                  
0     00082366  _EPWM11_ISR                     
0     0008235c  _EPWM11_TZ_ISR                  
0     00082352  _EPWM12_ISR                     
0     00082348  _EPWM12_TZ_ISR                  
0     0008233e  _EPWM1_ISR                      
0     00082334  _EPWM1_TZ_ISR                   
0     0008232a  _EPWM2_ISR                      
0     00082320  _EPWM2_TZ_ISR                   
0     00082316  _EPWM3_ISR                      
0     0008230c  _EPWM3_TZ_ISR                   
0     00082302  _EPWM4_ISR                      
0     000822f8  _EPWM4_TZ_ISR                   
0     000822ee  _EPWM5_ISR                      
0     000822e4  _EPWM5_TZ_ISR                   
0     000822da  _EPWM6_ISR                      
0     000822d0  _EPWM6_TZ_ISR                   
0     000822c6  _EPWM7_ISR                      
0     000822bc  _EPWM7_TZ_ISR                   
0     000822b2  _EPWM8_ISR                      
0     000822a8  _EPWM8_TZ_ISR                   
0     0008229e  _EPWM9_ISR                      
0     00082294  _EPWM9_TZ_ISR                   
1     00004900  _EPwm10Regs                     
1     00004a00  _EPwm11Regs                     
1     00004b00  _EPwm12Regs                     
1     00004000  _EPwm1Regs                      
1     00004100  _EPwm2Regs                      
1     00004200  _EPwm3Regs                      
1     00004300  _EPwm4Regs                      
1     00004400  _EPwm5Regs                      
1     00004500  _EPwm6Regs                      
1     00004600  _EPwm7Regs                      
1     00004700  _EPwm8Regs                      
1     00004800  _EPwm9Regs                      
0     0008228a  _EQEP1_ISR                      
0     00082280  _EQEP2_ISR                      
0     00082276  _EQEP3_ISR                      
1     00005100  _EQep1Regs                      
1     00005140  _EQep2Regs                      
1     00005180  _EQep3Regs                      
1     0005f480  _Emif1ConfigRegs                
1     00047000  _Emif1Regs                      
1     00047800  _Emif2Regs                      
1     00000d01  _EmuBMode                       
1     00000d00  _EmuKey                         
0     00082a96  _EnableInterrupts               
0     00082b43  _Enable_Comm                    
0     00082b2f  _Enable_Peripheral              
0     00008103  _F28x_usDelay                   
0     0008226c  _FLASH_CORRECTABLE_ERROR_ISR    
0     00082262  _FPU_OVERFLOW_ISR               
0     00082258  _FPU_UNDERFLOW_ISR              
1     0005f800  _Flash0CtrlRegs                 
1     0005fb00  _Flash0EccRegs                  
0     000080ef  _FlashOff                       
1     00050024  _FlashPumpSemaphoreRegs         
1     00007f00  _GpioDataRegs                   
0     000827d5  _HALT                           
0     000825c5  _HIB                            
0     0008224e  _I2CA_FIFO_ISR                  
0     00082244  _I2CA_ISR                       
0     0008223a  _I2CB_FIFO_ISR                  
0     00082230  _I2CB_ISR                       
1     00007300  _I2caRegs                       
1     00007340  _I2cbRegs                       
0     000827d5  _IDLE                           
0     00082226  _ILLEGAL_ISR                    
0     0008221c  _IPC0_ISR                       
0     00082212  _IPC1_ISR                       
0     00082208  _IPC2_ISR                       
0     000821fe  _IPC3_ISR                       
0     00082a42  _IPC_RX                         
0     00082a3b  _IPC_TO_RS485Interpreter        
0     00082a28  _IPC_TX                         
0     00008082  _IPC_isr                        
1     0000a825  _IPC_rx                         
1     0000a829  _IPC_tx                         
0     000829d0  _ISR_enable                     
0     000829b2  _ISR_init                       
0     0008273b  _InitAuxPll                     
0     00082881  _InitCpuTimers                  
0     000080bb  _InitFlash                      
0     0008266b  _InitPeripheralClocks           
0     00082a77  _InitPieCtrl                    
0     00082b08  _InitPieVectTable               
0     00082702  _InitSysCtrl                    
0     000825da  _InitSysPll                     
0     00082b28  _Init_Peripheral                
1     00050000  _IpcRegs                        
0     000821f4  _MCBSPA_RX_ISR                  
0     000821ea  _MCBSPA_TX_ISR                  
0     000821e0  _MCBSPB_RX_ISR                  
0     000821d6  _MCBSPB_TX_ISR                  
1     00006000  _McbspaRegs                     
1     00006040  _McbspbRegs                     
1     0005f400  _MemCfgRegs                     
1     0005f500  _MemoryErrorRegs                
0     000821cc  _NMI_ISR                        
0     000821c2  _NOTUSED_ISR                    
1     00007060  _NmiIntruptRegs                 
0     000821b8  _PIE_RESERVED_ISR               
1     00000ce0  _PieCtrlRegs                    
1     00000d00  _PieVectTable                   
0     00082b50  _PieVectTableInit               
0     000821ae  _RAM_ACCESS_VIOLATION_ISR       
0     000821a4  _RAM_CORRECTABLE_ERROR_ISR      
0     00082853  _RS485_RX                       
0     00082827  _RS485_TX                       
0     0008281c  _RS485_init                     
1     0000a81f  _RS485_rx                       
1     0000a81b  _RS485_tx                       
0     0008219a  _RTOS_ISR                       
1     0000a819  _RX_cast                        
1     0000a818  _RX_complete                    
1     0000a81a  _RX_ctr                         
0     00086107  _RamfuncsLoadEnd                
abs   00000107  _RamfuncsLoadSize               
0     00086000  _RamfuncsLoadStart              
0     00008107  _RamfuncsRunEnd                 
abs   00000107  _RamfuncsRunSize                
0     00008000  _RamfuncsRunStart               
0     000825d0  _ReleaseFlashPump               
0     00082a23  _Reset_remote_IPC               
0     00082190  _SCIA_RX_ISR                    
0     00082186  _SCIA_TX_ISR                    
0     0008217c  _SCIB_RX_ISR                    
0     00008038  _SCIB_RX_isr                    
0     00082172  _SCIB_TX_ISR                    
0     000829a9  _SCIB_fifo_init                 
0     00082981  _SCIB_init                      
0     0008297b  _SCIB_xmit                      
0     00082168  _SCIC_RX_ISR                    
0     0008215e  _SCIC_TX_ISR                    
0     00082154  _SCID_RX_ISR                    
0     0008214a  _SCID_TX_ISR                    
0     00082140  _SD1_ISR                        
0     00082136  _SD2_ISR                        
0     0008212c  _SPIA_RX_ISR                    
0     00082122  _SPIA_TX_ISR                    
0     00082118  _SPIB_RX_ISR                    
0     0008210e  _SPIB_TX_ISR                    
0     00082104  _SPIC_RX_ISR                    
0     000820fa  _SPIC_TX_ISR                    
0     000825c5  _STANDBY                        
0     000820f0  _SYS_PLL_SLIP_ISR               
1     00007200  _SciaRegs                       
1     00007210  _ScibRegs                       
1     00007220  _ScicRegs                       
1     00007230  _ScidRegs                       
1     00005e00  _Sdfm1Regs                      
1     00005e80  _Sdfm2Regs                      
0     000825b3  _SeizeFlashPump                 
0     000825a5  _ServiceDog                     
1     00006100  _SpiaRegs                       
1     00006110  _SpibRegs                       
1     00006120  _SpicRegs                       
0     0008259b  _SysIntOsc1Sel                  
0     00082591  _SysIntOsc2Sel                  
0     00082585  _SysXtalOscSel                  
0     000820e6  _TIMER0_ISR                     
0     000820dc  _TIMER1_ISR                     
0     000820d2  _TIMER2_ISR                     
0     00082b19  _Timer_init                     
0     000820c8  _UPPA_ISR                       
0     000820be  _USBA_ISR                       
0     000820b4  _USER10_ISR                     
0     000820aa  _USER11_ISR                     
0     000820a0  _USER12_ISR                     
0     00082096  _USER1_ISR                      
0     0008208c  _USER2_ISR                      
0     00082082  _USER3_ISR                      
0     00082078  _USER4_ISR                      
0     0008206e  _USER5_ISR                      
0     00082064  _USER6_ISR                      
0     0008205a  _USER7_ISR                      
0     00082050  _USER8_ISR                      
0     00082046  _USER9_ISR                      
0     0008203c  _VCU_ISR                        
0     00082032  _WAKE_ISR                       
0     00082a1b  _Wait_memory_access             
1     00007000  _WdRegs                         
0     00082028  _XINT1_ISR                      
0     0008201e  _XINT2_ISR                      
0     00082014  _XINT3_ISR                      
0     0008200a  _XINT4_ISR                      
0     00082000  _XINT5_ISR                      
1     00007070  _XintRegs                       
1     00000500  __STACK_END                     
abs   00000100  __STACK_SIZE                    
1     0000a830  ___TI_cleanup_ptr               
1     0000a832  ___TI_dtors_ptr                 
1     0000a82e  ___TI_enable_exit_profile_output
abs   ffffffff  ___TI_pprof_out_hndl            
abs   ffffffff  ___TI_prof_data_size            
abs   ffffffff  ___TI_prof_data_start           
abs   ffffffff  ___binit__                      
abs   ffffffff  ___c_args__                     
0     00082d18  ___cinit__                      
0     00082b4d  ___etext__                      
abs   ffffffff  ___pinit__                      
0     00082000  ___text__                       
0     00082ad7  __args_main                     
1     0000a834  __lock                          
0     00082b3a  __nop                           
0     00082b36  __register_lock                 
0     00082b32  __register_unlock               
1     00000400  __stack                         
0     00082b4c  __system_post_cinit             
0     00082b4a  __system_pre_init               
1     0000a836  __unlock                        
0     00082a4e  _abort                          
1     0000d000  _c2_r_array                     
1     0000c000  _c2_r_w_array                   
0     000828df  _c_int00                        
0     00082935  _copy_in                        
0     00008000  _cpu_timer_5kHz                 
0     00082abd  _ddcopy                         
0     00082abd  _dpcopy                         
0     00082a50  _exit                           
0     00082a12  _main                           
0     00082a9f  _memcpy                         
0     00082abd  _pdcopy                         
0     00082abd  _ppcopy                         
0     00082d10  _task_period                    
0     000829e7  _task_table                     
abs   ffffffff  binit                           
0     00082d18  cinit                           
0     00080000  code_start                      
0     00082b4d  etext                           
abs   ffffffff  pinit                           


GLOBAL SYMBOLS: SORTED BY Symbol Address 

page  address   name                            
----  -------   ----                            
0     00000ce0  _Cla1SoftIntRegs                
0     00008000  _RamfuncsRunStart               
0     00008000  _cpu_timer_5kHz                 
0     00008038  _SCIB_RX_isr                    
0     00008082  _IPC_isr                        
0     000080bb  _InitFlash                      
0     000080ef  _FlashOff                       
0     00008103  _F28x_usDelay                   
0     00008107  _RamfuncsRunEnd                 
0     00080000  code_start                      
0     00082000  .text                           
0     00082000  _XINT5_ISR                      
0     00082000  ___text__                       
0     0008200a  _XINT4_ISR                      
0     00082014  _XINT3_ISR                      
0     0008201e  _XINT2_ISR                      
0     00082028  _XINT1_ISR                      
0     00082032  _WAKE_ISR                       
0     0008203c  _VCU_ISR                        
0     00082046  _USER9_ISR                      
0     00082050  _USER8_ISR                      
0     0008205a  _USER7_ISR                      
0     00082064  _USER6_ISR                      
0     0008206e  _USER5_ISR                      
0     00082078  _USER4_ISR                      
0     00082082  _USER3_ISR                      
0     0008208c  _USER2_ISR                      
0     00082096  _USER1_ISR                      
0     000820a0  _USER12_ISR                     
0     000820aa  _USER11_ISR                     
0     000820b4  _USER10_ISR                     
0     000820be  _USBA_ISR                       
0     000820c8  _UPPA_ISR                       
0     000820d2  _TIMER2_ISR                     
0     000820dc  _TIMER1_ISR                     
0     000820e6  _TIMER0_ISR                     
0     000820f0  _SYS_PLL_SLIP_ISR               
0     000820fa  _SPIC_TX_ISR                    
0     00082104  _SPIC_RX_ISR                    
0     0008210e  _SPIB_TX_ISR                    
0     00082118  _SPIB_RX_ISR                    
0     00082122  _SPIA_TX_ISR                    
0     0008212c  _SPIA_RX_ISR                    
0     00082136  _SD2_ISR                        
0     00082140  _SD1_ISR                        
0     0008214a  _SCID_TX_ISR                    
0     00082154  _SCID_RX_ISR                    
0     0008215e  _SCIC_TX_ISR                    
0     00082168  _SCIC_RX_ISR                    
0     00082172  _SCIB_TX_ISR                    
0     0008217c  _SCIB_RX_ISR                    
0     00082186  _SCIA_TX_ISR                    
0     00082190  _SCIA_RX_ISR                    
0     0008219a  _RTOS_ISR                       
0     000821a4  _RAM_CORRECTABLE_ERROR_ISR      
0     000821ae  _RAM_ACCESS_VIOLATION_ISR       
0     000821b8  _PIE_RESERVED_ISR               
0     000821c2  _NOTUSED_ISR                    
0     000821cc  _NMI_ISR                        
0     000821d6  _MCBSPB_TX_ISR                  
0     000821e0  _MCBSPB_RX_ISR                  
0     000821ea  _MCBSPA_TX_ISR                  
0     000821f4  _MCBSPA_RX_ISR                  
0     000821fe  _IPC3_ISR                       
0     00082208  _IPC2_ISR                       
0     00082212  _IPC1_ISR                       
0     0008221c  _IPC0_ISR                       
0     00082226  _ILLEGAL_ISR                    
0     00082230  _I2CB_ISR                       
0     0008223a  _I2CB_FIFO_ISR                  
0     00082244  _I2CA_ISR                       
0     0008224e  _I2CA_FIFO_ISR                  
0     00082258  _FPU_UNDERFLOW_ISR              
0     00082262  _FPU_OVERFLOW_ISR               
0     0008226c  _FLASH_CORRECTABLE_ERROR_ISR    
0     00082276  _EQEP3_ISR                      
0     00082280  _EQEP2_ISR                      
0     0008228a  _EQEP1_ISR                      
0     00082294  _EPWM9_TZ_ISR                   
0     0008229e  _EPWM9_ISR                      
0     000822a8  _EPWM8_TZ_ISR                   
0     000822b2  _EPWM8_ISR                      
0     000822bc  _EPWM7_TZ_ISR                   
0     000822c6  _EPWM7_ISR                      
0     000822d0  _EPWM6_TZ_ISR                   
0     000822da  _EPWM6_ISR                      
0     000822e4  _EPWM5_TZ_ISR                   
0     000822ee  _EPWM5_ISR                      
0     000822f8  _EPWM4_TZ_ISR                   
0     00082302  _EPWM4_ISR                      
0     0008230c  _EPWM3_TZ_ISR                   
0     00082316  _EPWM3_ISR                      
0     00082320  _EPWM2_TZ_ISR                   
0     0008232a  _EPWM2_ISR                      
0     00082334  _EPWM1_TZ_ISR                   
0     0008233e  _EPWM1_ISR                      
0     00082348  _EPWM12_TZ_ISR                  
0     00082352  _EPWM12_ISR                     
0     0008235c  _EPWM11_TZ_ISR                  
0     00082366  _EPWM11_ISR                     
0     00082370  _EPWM10_TZ_ISR                  
0     0008237a  _EPWM10_ISR                     
0     00082384  _EMU_ISR                        
0     0008238e  _EMPTY_ISR                      
0     0008239b  _EMIF_ERROR_ISR                 
0     000823a5  _ECAP6_ISR                      
0     000823af  _ECAP5_ISR                      
0     000823b9  _ECAP4_ISR                      
0     000823c3  _ECAP3_ISR                      
0     000823cd  _ECAP2_ISR                      
0     000823d7  _ECAP1_ISR                      
0     000823e1  _DMA_CH6_ISR                    
0     000823eb  _DMA_CH5_ISR                    
0     000823f5  _DMA_CH4_ISR                    
0     000823ff  _DMA_CH3_ISR                    
0     00082409  _DMA_CH2_ISR                    
0     00082413  _DMA_CH1_ISR                    
0     0008241d  _DATALOG_ISR                    
0     00082427  _CLA_UNDERFLOW_ISR              
0     00082431  _CLA_OVERFLOW_ISR               
0     0008243b  _CLA1_8_ISR                     
0     00082445  _CLA1_7_ISR                     
0     0008244f  _CLA1_6_ISR                     
0     00082459  _CLA1_5_ISR                     
0     00082463  _CLA1_4_ISR                     
0     0008246d  _CLA1_3_ISR                     
0     00082477  _CLA1_2_ISR                     
0     00082481  _CLA1_1_ISR                     
0     0008248b  _CANB1_ISR                      
0     00082495  _CANB0_ISR                      
0     0008249f  _CANA1_ISR                      
0     000824a9  _CANA0_ISR                      
0     000824b3  _AUX_PLL_SLIP_ISR               
0     000824bd  _ADCD_EVT_ISR                   
0     000824c7  _ADCD4_ISR                      
0     000824d1  _ADCD3_ISR                      
0     000824db  _ADCD2_ISR                      
0     000824e5  _ADCD1_ISR                      
0     000824ef  _ADCC_EVT_ISR                   
0     000824f9  _ADCC4_ISR                      
0     00082503  _ADCC3_ISR                      
0     0008250d  _ADCC2_ISR                      
0     00082517  _ADCC1_ISR                      
0     00082521  _ADCB_EVT_ISR                   
0     0008252b  _ADCB4_ISR                      
0     00082535  _ADCB3_ISR                      
0     0008253f  _ADCB2_ISR                      
0     00082549  _ADCB1_ISR                      
0     00082553  _ADCA_EVT_ISR                   
0     0008255d  _ADCA4_ISR                      
0     00082567  _ADCA3_ISR                      
0     00082571  _ADCA2_ISR                      
0     0008257b  _ADCA1_ISR                      
0     00082585  _SysXtalOscSel                  
0     00082591  _SysIntOsc2Sel                  
0     0008259b  _SysIntOsc1Sel                  
0     000825a5  _ServiceDog                     
0     000825b3  _SeizeFlashPump                 
0     000825c5  _HIB                            
0     000825c5  _STANDBY                        
0     000825d0  _ReleaseFlashPump               
0     000825da  _InitSysPll                     
0     0008265e  _DisableDog                     
0     0008266b  _InitPeripheralClocks           
0     00082702  _InitSysCtrl                    
0     00082713  _AuxAuxClkSel                   
0     0008271d  _AuxXtalOscSel                  
0     0008272e  _AuxIntOsc2Sel                  
0     0008273b  _InitAuxPll                     
0     000827d5  _HALT                           
0     000827d5  _IDLE                           
0     000827de  _DisablePeripheralClocks        
0     000827fb  _CsmUnlock                      
0     0008281c  _RS485_init                     
0     00082827  _RS485_TX                       
0     00082853  _RS485_RX                       
0     00082881  _InitCpuTimers                  
0     000828bc  _ConfigCpuTimer                 
0     000828df  _c_int00                        
0     00082935  _copy_in                        
0     0008297b  _SCIB_xmit                      
0     00082981  _SCIB_init                      
0     000829a9  _SCIB_fifo_init                 
0     000829b2  _ISR_init                       
0     000829d0  _ISR_enable                     
0     000829e7  _task_table                     
0     00082a12  _main                           
0     00082a1b  _Wait_memory_access             
0     00082a23  _Reset_remote_IPC               
0     00082a28  _IPC_TX                         
0     00082a3b  _IPC_TO_RS485Interpreter        
0     00082a42  _IPC_RX                         
0     00082a4e  C$$EXIT                         
0     00082a4e  _abort                          
0     00082a50  _exit                           
0     00082a77  _InitPieCtrl                    
0     00082a96  _EnableInterrupts               
0     00082a9f  _memcpy                         
0     00082abd  _ddcopy                         
0     00082abd  _dpcopy                         
0     00082abd  _pdcopy                         
0     00082abd  _ppcopy                         
0     00082ad7  __args_main                     
0     00082af0  LL$$AND                         
0     00082af8  LL$$OR                          
0     00082b00  LL$$XOR                         
0     00082b08  _InitPieVectTable               
0     00082b19  _Timer_init                     
0     00082b28  _Init_Peripheral                
0     00082b2f  _Enable_Peripheral              
0     00082b32  __register_unlock               
0     00082b36  __register_lock                 
0     00082b3a  __nop                           
0     00082b43  _Enable_Comm                    
0     00082b4a  __system_pre_init               
0     00082b4c  __system_post_cinit             
0     00082b4d  ___etext__                      
0     00082b4d  etext                           
0     00082b50  _PieVectTableInit               
0     00082d10  _task_period                    
0     00082d18  ___cinit__                      
0     00082d18  cinit                           
0     00086000  _RamfuncsLoadStart              
0     00086107  _RamfuncsLoadEnd                
1     00000400  __stack                         
1     00000500  __STACK_END                     
1     00000b00  _AdcaResultRegs                 
1     00000b20  _AdcbResultRegs                 
1     00000b40  _AdccResultRegs                 
1     00000b60  _AdcdResultRegs                 
1     00000c00  _CpuTimer0Regs                  
1     00000c08  _CpuTimer1Regs                  
1     00000c10  _CpuTimer2Regs                  
1     00000ce0  _PieCtrlRegs                    
1     00000d00  _EmuKey                         
1     00000d00  _PieVectTable                   
1     00000d01  _EmuBMode                       
1     00001000  _DmaRegs                        
1     00001400  _Cla1Regs                       
1     00004000  _EPwm1Regs                      
1     00004100  _EPwm2Regs                      
1     00004200  _EPwm3Regs                      
1     00004300  _EPwm4Regs                      
1     00004400  _EPwm5Regs                      
1     00004500  _EPwm6Regs                      
1     00004600  _EPwm7Regs                      
1     00004700  _EPwm8Regs                      
1     00004800  _EPwm9Regs                      
1     00004900  _EPwm10Regs                     
1     00004a00  _EPwm11Regs                     
1     00004b00  _EPwm12Regs                     
1     00005000  _ECap1Regs                      
1     00005020  _ECap2Regs                      
1     00005040  _ECap3Regs                      
1     00005060  _ECap4Regs                      
1     00005080  _ECap5Regs                      
1     000050a0  _ECap6Regs                      
1     00005100  _EQep1Regs                      
1     00005140  _EQep2Regs                      
1     00005180  _EQep3Regs                      
1     00005c00  _DacaRegs                       
1     00005c10  _DacbRegs                       
1     00005c20  _DaccRegs                       
1     00005c80  _Cmpss1Regs                     
1     00005ca0  _Cmpss2Regs                     
1     00005cc0  _Cmpss3Regs                     
1     00005ce0  _Cmpss4Regs                     
1     00005d00  _Cmpss5Regs                     
1     00005d20  _Cmpss6Regs                     
1     00005d40  _Cmpss7Regs                     
1     00005d60  _Cmpss8Regs                     
1     00005e00  _Sdfm1Regs                      
1     00005e80  _Sdfm2Regs                      
1     00006000  _McbspaRegs                     
1     00006040  _McbspbRegs                     
1     00006100  _SpiaRegs                       
1     00006110  _SpibRegs                       
1     00006120  _SpicRegs                       
1     00007000  _WdRegs                         
1     00007060  _NmiIntruptRegs                 
1     00007070  _XintRegs                       
1     00007200  _SciaRegs                       
1     00007210  _ScibRegs                       
1     00007220  _ScicRegs                       
1     00007230  _ScidRegs                       
1     00007300  _I2caRegs                       
1     00007340  _I2cbRegs                       
1     00007400  _AdcaRegs                       
1     00007480  _AdcbRegs                       
1     00007500  _AdccRegs                       
1     00007580  _AdcdRegs                       
1     00007980  _DmaClaSrcSelRegs               
1     00007f00  _GpioDataRegs                   
1     0000a800  _CpuTimer1                      
1     0000a808  _CpuTimer2                      
1     0000a810  _CpuTimer0                      
1     0000a818  _RX_complete                    
1     0000a819  _RX_cast                        
1     0000a81a  _RX_ctr                         
1     0000a81b  _RS485_tx                       
1     0000a81f  _RS485_rx                       
1     0000a825  _IPC_rx                         
1     0000a829  _IPC_tx                         
1     0000a82e  ___TI_enable_exit_profile_output
1     0000a830  ___TI_cleanup_ptr               
1     0000a832  ___TI_dtors_ptr                 
1     0000a834  __lock                          
1     0000a836  __unlock                        
1     0000c000  _c2_r_w_array                   
1     0000d000  _c2_r_array                     
1     00047000  _Emif1Regs                      
1     00047800  _Emif2Regs                      
1     00050000  _IpcRegs                        
1     00050024  _FlashPumpSemaphoreRegs         
1     0005d200  _ClkCfgRegs                     
1     0005d300  _CpuSysRegs                     
1     0005f000  _DcsmZ1Regs                     
1     0005f040  _DcsmZ2Regs                     
1     0005f070  _DcsmCommonRegs                 
1     0005f400  _MemCfgRegs                     
1     0005f480  _Emif1ConfigRegs                
1     0005f4c0  _AccessProtectionRegs           
1     0005f500  _MemoryErrorRegs                
1     0005f800  _Flash0CtrlRegs                 
1     0005fb00  _Flash0EccRegs                  
1     00078000  _DcsmZ1Otp                      
1     00078200  _DcsmZ2Otp                      
abs   00000100  __STACK_SIZE                    
abs   00000107  _RamfuncsLoadSize               
abs   00000107  _RamfuncsRunSize                
abs   ffffffff  ___TI_pprof_out_hndl            
abs   ffffffff  ___TI_prof_data_size            
abs   ffffffff  ___TI_prof_data_start           
abs   ffffffff  ___binit__                      
abs   ffffffff  ___c_args__                     
abs   ffffffff  ___pinit__                      
abs   ffffffff  binit                           
abs   ffffffff  pinit                           

[338 symbols]
